Component: Arm Compiler for Embedded 6.23 Tool: armlink [5f102400]

==============================================================================

Section Cross References

    pll.o(.ARM.exidx.text.PLL_Init) refers to pll.o(.text.PLL_Init) for [Anonymous Symbol]
    systick.o(.ARM.exidx.text.SysTick_Init) refers to systick.o(.text.SysTick_Init) for [Anonymous Symbol]
    systick.o(.ARM.exidx.text.SysTick_Wait) refers to systick.o(.text.SysTick_Wait) for [Anonymous Symbol]
    systick.o(.text.SysTick_Wait10ms) refers to systick.o(.text.SysTick_Wait) for SysTick_Wait
    systick.o(.ARM.exidx.text.SysTick_Wait10ms) refers to systick.o(.text.SysTick_Wait10ms) for [Anonymous Symbol]
    vl53l1_platform_2dx4.o(.ARM.exidx.text.beginTxI2C) refers to vl53l1_platform_2dx4.o(.text.beginTxI2C) for [Anonymous Symbol]
    vl53l1_platform_2dx4.o(.ARM.exidx.text.beginRxI2C) refers to vl53l1_platform_2dx4.o(.text.beginRxI2C) for [Anonymous Symbol]
    vl53l1_platform_2dx4.o(.text.writeRegisterIndex) refers to onboardleds.o(.text.FlashI2CTx) for FlashI2CTx
    vl53l1_platform_2dx4.o(.text.writeRegisterIndex) refers to systick.o(.text.SysTick_Wait) for SysTick_Wait
    vl53l1_platform_2dx4.o(.text.writeRegisterIndex) refers to onboardleds.o(.text.FlashI2CError) for FlashI2CError
    vl53l1_platform_2dx4.o(.ARM.exidx.text.writeRegisterIndex) refers to vl53l1_platform_2dx4.o(.text.writeRegisterIndex) for [Anonymous Symbol]
    vl53l1_platform_2dx4.o(.text.writeRegisterIndex_nostop) refers to onboardleds.o(.text.FlashI2CTx) for FlashI2CTx
    vl53l1_platform_2dx4.o(.text.writeRegisterIndex_nostop) refers to systick.o(.text.SysTick_Wait) for SysTick_Wait
    vl53l1_platform_2dx4.o(.text.writeRegisterIndex_nostop) refers to onboardleds.o(.text.FlashI2CError) for FlashI2CError
    vl53l1_platform_2dx4.o(.ARM.exidx.text.writeRegisterIndex_nostop) refers to vl53l1_platform_2dx4.o(.text.writeRegisterIndex_nostop) for [Anonymous Symbol]
    vl53l1_platform_2dx4.o(.text.writeI2C) refers to onboardleds.o(.text.FlashI2CTx) for FlashI2CTx
    vl53l1_platform_2dx4.o(.text.writeI2C) refers to systick.o(.text.SysTick_Wait) for SysTick_Wait
    vl53l1_platform_2dx4.o(.text.writeI2C) refers to onboardleds.o(.text.FlashI2CError) for FlashI2CError
    vl53l1_platform_2dx4.o(.ARM.exidx.text.writeI2C) refers to vl53l1_platform_2dx4.o(.text.writeI2C) for [Anonymous Symbol]
    vl53l1_platform_2dx4.o(.text.readI2C) refers to onboardleds.o(.text.FlashI2CRx) for FlashI2CRx
    vl53l1_platform_2dx4.o(.text.readI2C) refers to systick.o(.text.SysTick_Wait) for SysTick_Wait
    vl53l1_platform_2dx4.o(.text.readI2C) refers to onboardleds.o(.text.FlashI2CError) for FlashI2CError
    vl53l1_platform_2dx4.o(.ARM.exidx.text.readI2C) refers to vl53l1_platform_2dx4.o(.text.readI2C) for [Anonymous Symbol]
    vl53l1_platform_2dx4.o(.text.VL53L1_WriteMulti) refers to vl53l1_platform_2dx4.o(.text.beginTxI2C) for beginTxI2C
    vl53l1_platform_2dx4.o(.text.VL53L1_WriteMulti) refers to vl53l1_platform_2dx4.o(.text.writeRegisterIndex) for writeRegisterIndex
    vl53l1_platform_2dx4.o(.text.VL53L1_WriteMulti) refers to vl53l1_platform_2dx4.o(.text.writeI2C) for writeI2C
    vl53l1_platform_2dx4.o(.ARM.exidx.text.VL53L1_WriteMulti) refers to vl53l1_platform_2dx4.o(.text.VL53L1_WriteMulti) for [Anonymous Symbol]
    vl53l1_platform_2dx4.o(.text.VL53L1_ReadMulti) refers to vl53l1_platform_2dx4.o(.text.beginTxI2C) for beginTxI2C
    vl53l1_platform_2dx4.o(.text.VL53L1_ReadMulti) refers to vl53l1_platform_2dx4.o(.text.writeRegisterIndex) for writeRegisterIndex
    vl53l1_platform_2dx4.o(.text.VL53L1_ReadMulti) refers to vl53l1_platform_2dx4.o(.text.beginRxI2C) for beginRxI2C
    vl53l1_platform_2dx4.o(.text.VL53L1_ReadMulti) refers to vl53l1_platform_2dx4.o(.text.readI2C) for readI2C
    vl53l1_platform_2dx4.o(.ARM.exidx.text.VL53L1_ReadMulti) refers to vl53l1_platform_2dx4.o(.text.VL53L1_ReadMulti) for [Anonymous Symbol]
    vl53l1_platform_2dx4.o(.text.VL53L1_WrByte) refers to vl53l1_platform_2dx4.o(.text.beginTxI2C) for beginTxI2C
    vl53l1_platform_2dx4.o(.text.VL53L1_WrByte) refers to vl53l1_platform_2dx4.o(.text.writeRegisterIndex_nostop) for writeRegisterIndex_nostop
    vl53l1_platform_2dx4.o(.text.VL53L1_WrByte) refers to vl53l1_platform_2dx4.o(.text.writeI2C) for writeI2C
    vl53l1_platform_2dx4.o(.ARM.exidx.text.VL53L1_WrByte) refers to vl53l1_platform_2dx4.o(.text.VL53L1_WrByte) for [Anonymous Symbol]
    vl53l1_platform_2dx4.o(.text.VL53L1_WrWord) refers to vl53l1_platform_2dx4.o(.text.beginTxI2C) for beginTxI2C
    vl53l1_platform_2dx4.o(.text.VL53L1_WrWord) refers to vl53l1_platform_2dx4.o(.text.writeRegisterIndex) for writeRegisterIndex
    vl53l1_platform_2dx4.o(.text.VL53L1_WrWord) refers to vl53l1_platform_2dx4.o(.text.writeI2C) for writeI2C
    vl53l1_platform_2dx4.o(.ARM.exidx.text.VL53L1_WrWord) refers to vl53l1_platform_2dx4.o(.text.VL53L1_WrWord) for [Anonymous Symbol]
[...]
    .ARM.Collect$$libinit$$00000015          0x00000344   Section        0  libinit2.o(.ARM.Collect$$libinit$$00000015)
    .ARM.Collect$$libinit$$00000017          0x00000344   Section        0  libinit2.o(.ARM.Collect$$libinit$$00000017)
    .ARM.Collect$$libinit$$00000018          0x00000344   Section       10  libinit2.o(.ARM.Collect$$libinit$$00000018)
    .ARM.Collect$$libinit$$00000019          0x0000034e   Section        0  libinit2.o(.ARM.Collect$$libinit$$00000019)
    .ARM.Collect$$libinit$$0000001B          0x0000034e   Section        0  libinit2.o(.ARM.Collect$$libinit$$0000001B)
    .ARM.Collect$$libinit$$0000001D          0x0000034e   Section        0  libinit2.o(.ARM.Collect$$libinit$$0000001D)
    .ARM.Collect$$libinit$$0000001F          0x0000034e   Section        0  libinit2.o(.ARM.Collect$$libinit$$0000001F)
    .ARM.Collect$$libinit$$00000021          0x0000034e   Section        0  libinit2.o(.ARM.Collect$$libinit$$00000021)
    .ARM.Collect$$libinit$$00000023          0x0000034e   Section        0  libinit2.o(.ARM.Collect$$libinit$$00000023)
    .ARM.Collect$$libinit$$00000025          0x0000034e   Section        0  libinit2.o(.ARM.Collect$$libinit$$00000025)
    .ARM.Collect$$libinit$$00000027          0x0000034e   Section        0  libinit2.o(.ARM.Collect$$libinit$$00000027)
    .ARM.Collect$$libinit$$0000002E          0x0000034e   Section        0  libinit2.o(.ARM.Collect$$libinit$$0000002E)
    .ARM.Collect$$libinit$$00000030          0x0000034e   Section        0  libinit2.o(.ARM.Collect$$libinit$$00000030)
    .ARM.Collect$$libinit$$00000032          0x0000034e   Section        0  libinit2.o(.ARM.Collect$$libinit$$00000032)
    .ARM.Collect$$libinit$$00000034          0x0000034e   Section        0  libinit2.o(.ARM.Collect$$libinit$$00000034)
    .ARM.Collect$$libinit$$00000035          0x0000034e   Section        2  libinit2.o(.ARM.Collect$$libinit$$00000035)
    .ARM.Collect$$libshutdown$$00000000      0x00000350   Section        2  libshutdown.o(.ARM.Collect$$libshutdown$$00000000)
    .ARM.Collect$$libshutdown$$00000002      0x00000352   Section        0  libshutdown2.o(.ARM.Collect$$libshutdown$$00000002)
    .ARM.Collect$$libshutdown$$00000004      0x00000352   Section        0  libshutdown2.o(.ARM.Collect$$libshutdown$$00000004)
    .ARM.Collect$$libshutdown$$00000007      0x00000352   Section        0  libshutdown2.o(.ARM.Collect$$libshutdown$$00000007)
    .ARM.Collect$$libshutdown$$0000000A      0x00000352   Section        0  libshutdown2.o(.ARM.Collect$$libshutdown$$0000000A)
    .ARM.Collect$$libshutdown$$0000000C      0x00000352   Section        0  libshutdown2.o(.ARM.Collect$$libshutdown$$0000000C)
    .ARM.Collect$$libshutdown$$0000000F      0x00000352   Section        0  libshutdown2.o(.ARM.Collect$$libshutdown$$0000000F)
    .ARM.Collect$$libshutdown$$00000010      0x00000352   Section        2  libshutdown2.o(.ARM.Collect$$libshutdown$$00000010)
    .ARM.Collect$$rtentry$$00000000          0x00000354   Section        0  __rtentry.o(.ARM.Collect$$rtentry$$00000000)
    .ARM.Collect$$rtentry$$00000002          0x00000354   Section        0  __rtentry2.o(.ARM.Collect$$rtentry$$00000002)
    .ARM.Collect$$rtentry$$00000004          0x00000354   Section        6  __rtentry4.o(.ARM.Collect$$rtentry$$00000004)
    .ARM.Collect$$rtentry$$00000009          0x0000035a   Section        0  __rtentry2.o(.ARM.Collect$$rtentry$$00000009)
    .ARM.Collect$$rtentry$$0000000A          0x0000035a   Section        4  __rtentry2.o(.ARM.Collect$$rtentry$$0000000A)
    .ARM.Collect$$rtentry$$0000000C          0x0000035e   Section        0  __rtentry2.o(.ARM.Collect$$rtentry$$0000000C)
    .ARM.Collect$$rtentry$$0000000D          0x0000035e   Section        8  __rtentry2.o(.ARM.Collect$$rtentry$$0000000D)
    .ARM.Collect$$rtexit$$00000000           0x00000366   Section        2  rtexit.o(.ARM.Collect$$rtexit$$00000000)
    .ARM.Collect$$rtexit$$00000002           0x00000368   Section        0  rtexit2.o(.ARM.Collect$$rtexit$$00000002)
    .ARM.Collect$$rtexit$$00000003           0x00000368   Section        4  rtexit2.o(.ARM.Collect$$rtexit$$00000003)
    .ARM.Collect$$rtexit$$00000004           0x0000036c   Section        6  rtexit2.o(.ARM.Collect$$rtexit$$00000004)
    $v0                                      0x00000374   Number         0  startup_msp432e401y_uvision.o(.text)
    .text                                    0x00000374   Section       60  startup_msp432e401y_uvision.o(.text)
    .text                                    0x000003b0   Section        0  sprintf.o(.text)
    .text                                    0x000003dc   Section        0  heapauxi.o(.text)
    .text                                    0x000003e2   Section        0  _printf_pad.o(.text)
    .text                                    0x00000430   Section        0  _printf_truncate.o(.text)
    .text                                    0x00000454   Section        0  _printf_str.o(.text)
    .text                                    0x000004a8   Section        0  _printf_dec.o(.text)
    .text                                    0x00000520   Section        0  _printf_charcount.o(.text)
    _printf_input_char                       0x00000549   Thumb Code    10  _printf_char_common.o(.text)
    .text                                    0x00000548   Section        0  _printf_char_common.o(.text)
    .text                                    0x00000578   Section        0  _sputc.o(.text)
    .text                                    0x00000584   Section        0  _printf_wctomb.o(.text)
    .text                                    0x00000640   Section        0  _printf_longlong_dec.o(.text)
    _printf_longlong_oct_internal            0x000006bd   Thumb Code     0  _printf_oct_int_ll.o(.text)
    .text                                    0x000006bc   Section        0  _printf_oct_int_ll.o(.text)
    _printf_hex_common                       0x0000072d   Thumb Code     0  _printf_hex_int_ll_ptr.o(.text)
    .text                                    0x0000072c   Section        0  _printf_hex_int_ll_ptr.o(.text)
    .text                                    0x000007c0   Section        0  __printf_flags_ss_wp.o(.text)
    .text                                    0x00000948   Section      138  lludiv10.o(.text)
    .text                                    0x000009d2   Section        0  _printf_intcommon.o(.text)
    _fp_digits                               0x00000a85   Thumb Code   432  _printf_fp_dec.o(.text)
    .text                                    0x00000a84   Section        0  _printf_fp_dec.o(.text)
    .text                                    0x00000ea0   Section        0  _printf_fp_hex.o(.text)
    .text                                    0x0000119c   Section        0  _printf_char.o(.text)
    .text                                    0x000011c8   Section        0  _printf_wchar.o(.text)
    .text                                    0x000011f4   Section        0  _c16rtomb.o(.text)
    .text                                    0x0000123c   Section       74  sys_stackheap_outer.o(.text)
    .text                                    0x00001288   Section       16  rt_ctype_table.o(.text)
    .text                                    0x00001298   Section        8  rt_locale_intlibspace.o(.text)
    .text                                    0x000012a0   Section        0  _printf_fp_infnan.o(.text)
    .text                                    0x00001320   Section        0  bigflt0.o(.text)
    .text                                    0x00001404   Section        0  exit.o(.text)
    .text                                    0x00001418   Section        8  libspace.o(.text)
    .text                                    0x00001420   Section      124  strcmpv7em.o(.text)
    .text                                    0x0000149c   Section        0  sys_exit.o(.text)
    .text                                    0x000014a8   Section        2  use_no_semi.o(.text)
    .text                                    0x000014aa   Section        0  indicate_semi.o(.text)
    [Anonymous Symbol]                       0x000014ac   Section        0  onboardleds.o(.text.FlashAllLEDs)
    [Anonymous Symbol]                       0x000014fc   Section        0  onboardleds.o(.text.FlashI2CError)
    [Anonymous Symbol]                       0x00001504   Section        0  onboardleds.o(.text.FlashI2CRx)
    [Anonymous Symbol]                       0x00001508   Section        0  onboardleds.o(.text.FlashI2CTx)
    [Anonymous Symbol]                       0x0000150c   Section        0  hallway_scanner.o(.text.I2C_Init)
    [Anonymous Symbol]                       0x0000159c   Section        0  hallway_scanner.o(.text.PJ0_Pressed)
    [Anonymous Symbol]                       0x000015fc   Section        0  pll.o(.text.PLL_Init)
    [Anonymous Symbol]                       0x00001734   Section        0  hallway_scanner.o(.text.PM0_Pressed)
    [Anonymous Symbol]                       0x00001794   Section        0  hallway_scanner.o(.text.PM1_Pressed)
    [Anonymous Symbol]                       0x000017f4   Section        0  hallway_scanner.o(.text.PortF_Init)
    [Anonymous Symbol]                       0x0000183c   Section        0  hallway_scanner.o(.text.PortG_Init)
    [Anonymous Symbol]                       0x00001884   Section        0  hallway_scanner.o(.text.PortH_Init)
    [Anonymous Symbol]                       0x000018cc   Section        0  hallway_scanner.o(.text.PortJ_Init)
    [Anonymous Symbol]                       0x00001924   Section        0  hallway_scanner.o(.text.PortM_Init)
    [Anonymous Symbol]                       0x00001994   Section        0  hallway_scanner.o(.text.PortN_Init)
    [Anonymous Symbol]                       0x000019dc   Section        0  uart.o(.text.Status_Check)
    [Anonymous Symbol]                       0x00001a28   Section        0  hallway_scanner.o(.text.Stepper_Step)
    [Anonymous Symbol]                       0x00001a90   Section        0  hallway_scanner.o(.text.Stepper_Unwind)
    [Anonymous Symbol]                       0x00001b20   Section        0  systick.o(.text.SysTick_Init)
    [Anonymous Symbol]                       0x00001b4c   Section        0  systick.o(.text.SysTick_Wait)
    [Anonymous Symbol]                       0x00001b84   Section        0  systick.o(.text.SysTick_Wait10ms)
    [Anonymous Symbol]                       0x00001bb4   Section        0  system_msp432e401y.o(.text.SystemInit)
    [Anonymous Symbol]                       0x00001bd8   Section        0  uart.o(.text.UART_Init)
    [Anonymous Symbol]                       0x00001cc4   Section        0  uart.o(.text.UART_OutChar)
    [Anonymous Symbol]                       0x00001cf4   Section        0  uart.o(.text.UART_printf)
    [Anonymous Symbol]                       0x00001d20   Section        0  hallway_scanner.o(.text.UART_printf_with_LED)
    [Anonymous Symbol]                       0x00001d4c   Section        0  vl53l1x_api.o(.text.VL53L1X_BootState)
    [Anonymous Symbol]                       0x00001d84   Section        0  vl53l1x_api.o(.text.VL53L1X_CheckForDataReady)
    [Anonymous Symbol]                       0x00001dec   Section        0  vl53l1x_api.o(.text.VL53L1X_ClearInterrupt)
    [Anonymous Symbol]                       0x00001e14   Section        0  vl53l1x_api.o(.text.VL53L1X_GetDistance)
    [Anonymous Symbol]                       0x00001e44   Section        0  vl53l1x_api.o(.text.VL53L1X_GetDistanceMode)
    [Anonymous Symbol]                       0x00001e94   Section        0  vl53l1x_api.o(.text.VL53L1X_GetInterruptPolarity)
    [Anonymous Symbol]                       0x00001edc   Section        0  vl53l1x_api.o(.text.VL53L1X_GetSensorId)
    [Anonymous Symbol]                       0x00001f14   Section        0  vl53l1x_api.o(.text.VL53L1X_GetTimingBudgetInMs)
    [Anonymous Symbol]                       0x0000200c   Section        0  vl53l1x_api.o(.text.VL53L1X_SensorInit)
    [Anonymous Symbol]                       0x00002128   Section        0  vl53l1x_api.o(.text.VL53L1X_SetDistanceMode)
    [Anonymous Symbol]                       0x00002270   Section        0  vl53l1x_api.o(.text.VL53L1X_SetTimingBudgetInMs)
    [Anonymous Symbol]                       0x000024bc   Section        0  vl53l1x_api.o(.text.VL53L1X_StartRanging)
    [Anonymous Symbol]                       0x000024e4   Section        0  vl53l1x_api.o(.text.VL53L1X_StopRanging)
    [Anonymous Symbol]                       0x00002508   Section        0  vl53l1_platform_2dx4.o(.text.VL53L1_RdByte)
    [Anonymous Symbol]                       0x0000253c   Section        0  vl53l1_platform_2dx4.o(.text.VL53L1_RdWord)
    [Anonymous Symbol]                       0x00002588   Section        0  vl53l1_platform_2dx4.o(.text.VL53L1_WrByte)
    [Anonymous Symbol]                       0x000025b8   Section        0  vl53l1_platform_2dx4.o(.text.VL53L1_WrWord)
    [Anonymous Symbol]                       0x00002604   Section        0  vl53l1_platform_2dx4.o(.text.beginRxI2C)
    [Anonymous Symbol]                       0x00002628   Section        0  vl53l1_platform_2dx4.o(.text.beginTxI2C)
    [Anonymous Symbol]                       0x0000264c   Section        0  hallway_scanner.o(.text.main)
    [Anonymous Symbol]                       0x00002868   Section        0  onboardleds.o(.text.onboardLEDs_Init)
    [Anonymous Symbol]                       0x0000293c   Section        0  vl53l1_platform_2dx4.o(.text.readI2C)
    [Anonymous Symbol]                       0x000029b8   Section        0  vl53l1_platform_2dx4.o(.text.writeI2C)
    [Anonymous Symbol]                       0x00002acc   Section        0  vl53l1_platform_2dx4.o(.text.writeRegisterIndex)
    [Anonymous Symbol]                       0x00002bbc   Section        0  vl53l1_platform_2dx4.o(.text.writeRegisterIndex_nostop)
    CL$$btod_d2e                             0x00002cac   Section       62  btod.o(CL$$btod_d2e)
    CL$$btod_d2e_denorm_low                  0x00002cea   Section       70  btod.o(CL$$btod_d2e_denorm_low)
    CL$$btod_d2e_norm_op1                    0x00002d30   Section       96  btod.o(CL$$btod_d2e_norm_op1)
    CL$$btod_div_common                      0x00002d90   Section      824  btod.o(CL$$btod_div_common)
    CL$$btod_e2e                             0x000030c8   Section      220  btod.o(CL$$btod_e2e)
    CL$$btod_ediv                            0x000031a4   Section       42  btod.o(CL$$btod_ediv)
    CL$$btod_emul                            0x000031ce   Section       42  btod.o(CL$$btod_emul)
    CL$$btod_mult_common                     0x000031f8   Section      580  btod.o(CL$$btod_mult_common)
    i.__ARM_fpclassify                       0x0000343c   Section        0  fpclassify.o(i.__ARM_fpclassify)
    i._is_digit                              0x0000346c   Section        0  __printf_wp.o(i._is_digit)
    locale$$code                             0x0000347c   Section       44  lc_numeric_c.o(locale$$code)
    locale$$code                             0x000034a8   Section       44  lc_ctype_c.o(locale$$code)
    $v0                                      0x000034d4   Number         0  fpinit.o(x$fpl$fpinit)
    x$fpl$fpinit                             0x000034d4   Section       26  fpinit.o(x$fpl$fpinit)
    $v0                                      0x000034ee   Number         0  printf1.o(x$fpl$printf1)
    x$fpl$printf1                            0x000034ee   Section        4  printf1.o(x$fpl$printf1)
    $v0                                      0x000034f2   Number         0  printf2.o(x$fpl$printf2)
    x$fpl$printf2                            0x000034f2   Section        4  printf2.o(x$fpl$printf2)
    x$fpl$usenofp                            0x000034f6   Section        0  usenofp.o(x$fpl$usenofp)
    initial_mbstate                          0x000034f8   Data           8  _printf_wctomb.o(.constdata)
    .constdata                               0x000034f8   Section        8  _printf_wctomb.o(.constdata)
    uc_hextab                                0x00003500   Data          20  _printf_hex_int_ll_ptr.o(.constdata)
    .constdata                               0x00003500   Section       40  _printf_hex_int_ll_ptr.o(.constdata)
    lc_hextab                                0x00003514   Data          20  _printf_hex_int_ll_ptr.o(.constdata)
    maptable                                 0x00003528   Data          17  __printf_flags_ss_wp.o(.constdata)
    .constdata                               0x00003528   Section       17  __printf_flags_ss_wp.o(.constdata)
    lc_hextab                                0x00003539   Data          19  _printf_fp_hex.o(.constdata)
    .constdata                               0x00003539   Section       38  _printf_fp_hex.o(.constdata)
    uc_hextab                                0x0000354c   Data          19  _printf_fp_hex.o(.constdata)
    tenpwrs_x                                0x00003560   Data          60  bigflt0.o(.constdata)
    .constdata                               0x00003560   Section      148  bigflt0.o(.constdata)
    tenpwrs_i                                0x0000359c   Data          64  bigflt0.o(.constdata)
    .L.str.1                                 0x0000364f   Data          29  vl53l1x_api.o(.rodata.str1.1)
    [Anonymous Symbol]                       0x0000364f   Section        0  vl53l1x_api.o(.rodata.str1.1)
    .L.str                                   0x0000366c   Data          22  vl53l1x_api.o(.rodata.str1.1)
    .L.str                                   0x00003682   Data          20  uart.o(.rodata.str1.1)
    [Anonymous Symbol]                       0x00003682   Section        0  uart.o(.rodata.str1.1)
    .L.str.1                                 0x00003696   Data          15  uart.o(.rodata.str1.1)
    .L.str.5                                 0x000036a5   Data          26  hallway_scanner.o(.rodata.str1.1)
    [Anonymous Symbol]                       0x000036a5   Section        0  hallway_scanner.o(.rodata.str1.1)
    .L.str.2                                 0x000036bf   Data          14  hallway_scanner.o(.rodata.str1.1)
    .L.str.3                                 0x000036cd   Data          13  hallway_scanner.o(.rodata.str1.1)
    .L.str.1                                 0x000036da   Data          16  hallway_scanner.o(.rodata.str1.1)
    .L.str                                   0x000036ea   Data          41  hallway_scanner.o(.rodata.str1.1)
    .L.str.4                                 0x00003713   Data           5  hallway_scanner.o(.rodata.str1.1)
    locale$$data                             0x00003738   Section       28  lc_numeric_c.o(locale$$data)
    __lcnum_c_name                           0x0000373c   Data           2  lc_numeric_c.o(locale$$data)
    __lcnum_c_start                          0x00003744   Data           0  lc_numeric_c.o(locale$$data)
    __lcnum_c_point                          0x00003750   Data           0  lc_numeric_c.o(locale$$data)
    __lcnum_c_thousands                      0x00003752   Data           0  lc_numeric_c.o(locale$$data)
    __lcnum_c_grouping                       0x00003753   Data           0  lc_numeric_c.o(locale$$data)
    __lcnum_c_end                            0x00003754   Data           0  lc_numeric_c.o(locale$$data)
    locale$$data                             0x00003754   Section      272  lc_ctype_c.o(locale$$data)
    __lcctype_c_name                         0x00003758   Data           2  lc_ctype_c.o(locale$$data)
    __lcctype_c_start                        0x00003760   Data           0  lc_ctype_c.o(locale$$data)
    __lcctype_c_end                          0x00003864   Data           0  lc_ctype_c.o(locale$$data)
    PJ0_Pressed.last                         0x20000000   Data           1  hallway_scanner.o(.data.PJ0_Pressed.last)
    [Anonymous Symbol]                       0x20000000   Section        0  hallway_scanner.o(.data.PJ0_Pressed.last)
    PM0_Pressed.last                         0x20000001   Data           1  hallway_scanner.o(.data.PM0_Pressed.last)
    [Anonymous Symbol]                       0x20000001   Section        0  hallway_scanner.o(.data.PM0_Pressed.last)
    PM1_Pressed.last                         0x20000002   Data           1  hallway_scanner.o(.data.PM1_Pressed.last)
    [Anonymous Symbol]                       0x20000002   Section        0  hallway_scanner.o(.data.PM1_Pressed.last)
    .bss                                     0x20000010   Section       96  libspace.o(.bss)
    printf_buffer                            0x20000070   Data        1023  uart.o(.bss.printf_buffer)
    [Anonymous Symbol]                       0x20000070   Section        0  uart.o(.bss.printf_buffer)
    printf_buffer                            0x2000046f   Data        1023  hallway_scanner.o(.bss.printf_buffer)
    [Anonymous Symbol]                       0x2000046f   Section        0  hallway_scanner.o(.bss.printf_buffer)
    Heap_Mem                                 0x20000878   Data           0  startup_msp432e401y_uvision.o(HEAP)
    Stack_Mem                                0x20000878   Data         512  startup_msp432e401y_uvision.o(STACK)
    HEAP                                     0x20000878   Section        0  startup_msp432e401y_uvision.o(HEAP)
    STACK                                    0x20000878   Section      512  startup_msp432e401y_uvision.o(STACK)
    __initial_sp                             0x20000a78   Data           0  startup_msp432e401y_uvision.o(STACK)

    Global Symbols

    Symbol Name                              Value     Ov Type        Size  Object(Section)

    BuildAttributes$$THM_ISAv4$E$P$D$K$B$S$7EM$VFPi3$EXTD16$VFPS$VFMA$PE$A:L22UL41UL21$X:L11$S22US41US21$IEEE1$IW$~IW$USESV6$~STKCKD$USESV7$~SHL$OTIME$ROPI$IEEEJ$EBA8$UX$STANDARDLIB$REQ8$PRES8$EABIv2 0x00000000   Number         0  anon$$obj.o ABSOLUTE
    __Vectors                                0x00000000   Data           4  startup_msp432e401y_uvision.o(RESET)
    _printf_flags                            0x00000000   Number         0  printf_stubs.o ABSOLUTE
    _printf_return_value                     0x00000000   Number         0  printf_stubs.o ABSOLUTE
    _printf_sizespec                         0x00000000   Number         0  printf_stubs.o ABSOLUTE
    _printf_widthprec                        0x00000000   Number         0  printf_stubs.o ABSOLUTE
    __ARM_exceptions_init                     - Undefined Weak Reference
    __alloca_initialize                       - Undefined Weak Reference
    __arm_preinit_                            - Undefined Weak Reference
    __arm_relocate_pie_                       - Undefined Weak Reference
    __cpp_initialize__aeabi_                  - Undefined Weak Reference
    __cxa_finalize                            - Undefined Weak Reference
    __sigvec_lookup                           - Undefined Weak Reference
    _atexit_init                              - Undefined Weak Reference
    _call_atexit_fns                          - Undefined Weak Reference
    _clock_init                               - Undefined Weak Reference
    _fp_trap_init                             - Undefined Weak Reference
    _fp_trap_shutdown                         - Undefined Weak Reference
    _get_lc_collate                           - Undefined Weak Reference
    _get_lc_monetary                          - Undefined Weak Reference
    _get_lc_time                              - Undefined Weak Reference
    _getenv_init                              - Undefined Weak Reference
    _handle_redirection                       - Undefined Weak Reference
    _init_alloc                               - Undefined Weak Reference
    _init_user_alloc                          - Undefined Weak Reference
    _initio                                   - Undefined Weak Reference
    _printf_mbtowc                            - Undefined Weak Reference
    _printf_wc                                - Undefined Weak Reference
    _rand_init                                - Undefined Weak Reference
    _signal_finish                            - Undefined Weak Reference
    _signal_init                              - Undefined Weak Reference
    _terminate_alloc                          - Undefined Weak Reference
    _terminate_user_alloc                     - Undefined Weak Reference
    _terminateio                              - Undefined Weak Reference
    __Vectors_End                            0x000001fc   Data           0  startup_msp432e401y_uvision.o(RESET)
    __Vectors_Size                           0x000001fc   Number         0  startup_msp432e401y_uvision.o ABSOLUTE
    __main                                   0x000001fd   Thumb Code     8  __main.o(!!!main)
    __scatterload                            0x00000205   Thumb Code     0  __scatter.o(!!!scatter)
    __scatterload_rt2                        0x00000205   Thumb Code    84  __scatter.o(!!!scatter)
    __scatterload_rt2_thumb_only             0x00000205   Thumb Code     0  __scatter.o(!!!scatter)
    __scatterload_loop                       0x0000020f   Thumb Code     0  __scatter.o(!!!scatter)
    __scatterload_copy                       0x00000261   Thumb Code    26  __scatter_copy.o(!!handler_copy)
    __scatterload_null                       0x0000027d   Thumb Code     2  __scatter.o(!!handler_null)
    __scatterload_zeroinit                   0x00000281   Thumb Code    28  __scatter_zi.o(!!handler_zi)
    _printf_n                                0x0000029d   Thumb Code     0  _printf_n.o(.ARM.Collect$$_printf_percent$$00000001)
    _printf_percent                          0x0000029d   Thumb Code     0  _printf_percent.o(.ARM.Collect$$_printf_percent$$00000000)
    _printf_p                                0x000002a3   Thumb Code     0  _printf_p.o(.ARM.Collect$$_printf_percent$$00000002)
    _printf_f                                0x000002a9   Thumb Code     0  _printf_f.o(.ARM.Collect$$_printf_percent$$00000003)
    _printf_e                                0x000002af   Thumb Code     0  _printf_e.o(.ARM.Collect$$_printf_percent$$00000004)
    _printf_g                                0x000002b5   Thumb Code     0  _printf_g.o(.ARM.Collect$$_printf_percent$$00000005)
    _printf_a                                0x000002bb   Thumb Code     0  _printf_a.o(.ARM.Collect$$_printf_percent$$00000006)
    _printf_ll                               0x000002c1   Thumb Code     0  _printf_ll.o(.ARM.Collect$$_printf_percent$$00000007)
    _printf_i                                0x000002cb   Thumb Code     0  _printf_i.o(.ARM.Collect$$_printf_percent$$00000008)
    _printf_d                                0x000002d1   Thumb Code     0  _printf_d.o(.ARM.Collect$$_printf_percent$$00000009)
    _printf_u                                0x000002d7   Thumb Code     0  _printf_u.o(.ARM.Collect$$_printf_percent$$0000000A)
    _printf_o                                0x000002dd   Thumb Code     0  _printf_o.o(.ARM.Collect$$_printf_percent$$0000000B)
    _printf_x                                0x000002e3   Thumb Code     0  _printf_x.o(.ARM.Collect$$_printf_percent$$0000000C)
    _printf_lli                              0x000002e9   Thumb Code     0  _printf_lli.o(.ARM.Collect$$_printf_percent$$0000000D)
    _printf_lld                              0x000002ef   Thumb Code     0  _printf_lld.o(.ARM.Collect$$_printf_percent$$0000000E)
    _printf_llu                              0x000002f5   Thumb Code     0  _printf_llu.o(.ARM.Collect$$_printf_percent$$0000000F)
    _printf_llo                              0x000002fb   Thumb Code     0  _printf_llo.o(.ARM.Collect$$_printf_percent$$00000010)
    _printf_llx                              0x00000301   Thumb Code     0  _printf_llx.o(.ARM.Collect$$_printf_percent$$00000011)
    _printf_l                                0x00000307   Thumb Code     0  _printf_l.o(.ARM.Collect$$_printf_percent$$00000012)
    _printf_c                                0x00000311   Thumb Code     0  _printf_c.o(.ARM.Collect$$_printf_percent$$00000013)
    _printf_s                                0x00000317   Thumb Code     0  _printf_s.o(.ARM.Collect$$_printf_percent$$00000014)
    _printf_lc                               0x0000031d   Thumb Code     0  _printf_lc.o(.ARM.Collect$$_printf_percent$$00000015)
    _printf_ls                               0x00000323   Thumb Code     0  _printf_ls.o(.ARM.Collect$$_printf_percent$$00000016)
    _printf_percent_end                      0x00000329   Thumb Code     0  _printf_percent_end.o(.ARM.Collect$$_printf_percent$$00000017)
    __rt_lib_init                            0x0000032d   Thumb Code     0  libinit.o(.ARM.Collect$$libinit$$00000000)
    __rt_lib_init_fp_1                       0x0000032f   Thumb Code     0  libinit2.o(.ARM.Collect$$libinit$$00000001)
    __rt_lib_init_heap_1                     0x00000333   Thumb Code     0  libinit2.o(.ARM.Collect$$libinit$$0000000C)
    __rt_lib_init_lc_common                  0x00000333   Thumb Code     0  libinit2.o(.ARM.Collect$$libinit$$00000011)
    __rt_lib_init_preinit_1                  0x00000333   Thumb Code     0  libinit2.o(.ARM.Collect$$libinit$$00000006)
    __rt_lib_init_rand_1                     0x00000333   Thumb Code     0  libinit2.o(.ARM.Collect$$libinit$$00000010)
    __rt_lib_init_relocate_pie_1             0x00000333   Thumb Code     0  libinit2.o(.ARM.Collect$$libinit$$00000004)
    __rt_lib_init_user_alloc_1               0x00000333   Thumb Code     0  libinit2.o(.ARM.Collect$$libinit$$0000000E)
    __rt_lib_init_lc_collate_1               0x00000339   Thumb Code     0  libinit2.o(.ARM.Collect$$libinit$$00000013)
    __rt_lib_init_lc_ctype_2                 0x00000339   Thumb Code     0  libinit2.o(.ARM.Collect$$libinit$$00000014)
    __rt_lib_init_lc_ctype_1                 0x00000345   Thumb Code     0  libinit2.o(.ARM.Collect$$libinit$$00000015)
    __rt_lib_init_lc_monetary_1              0x00000345   Thumb Code     0  libinit2.o(.ARM.Collect$$libinit$$00000017)
    __rt_lib_init_lc_numeric_2               0x00000345   Thumb Code     0  libinit2.o(.ARM.Collect$$libinit$$00000018)
    __rt_lib_init_alloca_1                   0x0000034f   Thumb Code     0  libinit2.o(.ARM.Collect$$libinit$$00000030)
    __rt_lib_init_argv_1                     0x0000034f   Thumb Code     0  libinit2.o(.ARM.Collect$$libinit$$0000002E)
    __rt_lib_init_atexit_1                   0x0000034f   Thumb Code     0  libinit2.o(.ARM.Collect$$libinit$$0000001D)
    __rt_lib_init_clock_1                    0x0000034f   Thumb Code     0  libinit2.o(.ARM.Collect$$libinit$$00000023)
    __rt_lib_init_cpp_1                      0x0000034f   Thumb Code     0  libinit2.o(.ARM.Collect$$libinit$$00000034)
    __rt_lib_init_exceptions_1               0x0000034f   Thumb Code     0  libinit2.o(.ARM.Collect$$libinit$$00000032)
    __rt_lib_init_fp_trap_1                  0x0000034f   Thumb Code     0  libinit2.o(.ARM.Collect$$libinit$$00000021)
    __rt_lib_init_getenv_1                   0x0000034f   Thumb Code     0  libinit2.o(.ARM.Collect$$libinit$$00000025)
    __rt_lib_init_lc_numeric_1               0x0000034f   Thumb Code     0  libinit2.o(.ARM.Collect$$libinit$$00000019)
    __rt_lib_init_lc_time_1                  0x0000034f   Thumb Code     0  libinit2.o(.ARM.Collect$$libinit$$0000001B)
    __rt_lib_init_return                     0x0000034f   Thumb Code     0  libinit2.o(.ARM.Collect$$libinit$$00000035)
    __rt_lib_init_signal_1                   0x0000034f   Thumb Code     0  libinit2.o(.ARM.Collect$$libinit$$0000001F)
    __rt_lib_init_stdio_1                    0x0000034f   Thumb Code     0  libinit2.o(.ARM.Collect$$libinit$$00000027)
    __rt_lib_shutdown                        0x00000351   Thumb Code     0  libshutdown.o(.ARM.Collect$$libshutdown$$00000000)
    __rt_lib_shutdown_cpp_1                  0x00000353   Thumb Code     0  libshutdown2.o(.ARM.Collect$$libshutdown$$00000002)
    __rt_lib_shutdown_fp_trap_1              0x00000353   Thumb Code     0  libshutdown2.o(.ARM.Collect$$libshutdown$$00000007)
    __rt_lib_shutdown_heap_1                 0x00000353   Thumb Code     0  libshutdown2.o(.ARM.Collect$$libshutdown$$0000000F)
    __rt_lib_shutdown_return                 0x00000353   Thumb Code     0  libshutdown2.o(.ARM.Collect$$libshutdown$$00000010)
    __rt_lib_shutdown_signal_1               0x00000353   Thumb Code     0  libshutdown2.o(.ARM.Collect$$libshutdown$$0000000A)
    __rt_lib_shutdown_stdio_1                0x00000353   Thumb Code     0  libshutdown2.o(.ARM.Collect$$libshutdown$$00000004)
    __rt_lib_shutdown_user_alloc_1           0x00000353   Thumb Code     0  libshutdown2.o(.ARM.Collect$$libshutdown$$0000000C)
    __rt_entry                               0x00000355   Thumb Code     0  __rtentry.o(.ARM.Collect$$rtentry$$00000000)
    __rt_entry_presh_1                       0x00000355   Thumb Code     0  __rtentry2.o(.ARM.Collect$$rtentry$$00000002)
    __rt_entry_sh                            0x00000355   Thumb Code     0  __rtentry4.o(.ARM.Collect$$rtentry$$00000004)
    __rt_entry_li                            0x0000035b   Thumb Code     0  __rtentry2.o(.ARM.Collect$$rtentry$$0000000A)
    __rt_entry_postsh_1                      0x0000035b   Thumb Code     0  __rtentry2.o(.ARM.Collect$$rtentry$$00000009)
    __rt_entry_main                          0x0000035f   Thumb Code     0  __rtentry2.o(.ARM.Collect$$rtentry$$0000000D)
    __rt_entry_postli_1                      0x0000035f   Thumb Code     0  __rtentry2.o(.ARM.Collect$$rtentry$$0000000C)
    __rt_exit                                0x00000367   Thumb Code     0  rtexit.o(.ARM.Collect$$rtexit$$00000000)
    __rt_exit_ls                             0x00000369   Thumb Code     0  rtexit2.o(.ARM.Collect$$rtexit$$00000003)
    __rt_exit_prels_1                        0x00000369   Thumb Code     0  rtexit2.o(.ARM.Collect$$rtexit$$00000002)
    __rt_exit_exit                           0x0000036d   Thumb Code     0  rtexit2.o(.ARM.Collect$$rtexit$$00000004)
    Reset_Handler                            0x00000375   Thumb Code     8  startup_msp432e401y_uvision.o(.text)
    NMI_Handler                              0x0000037d   Thumb Code     2  startup_msp432e401y_uvision.o(.text)
    HardFault_Handler                        0x0000037f   Thumb Code     2  startup_msp432e401y_uvision.o(.text)
    MemManage_Handler                        0x00000381   Thumb Code     2  startup_msp432e401y_uvision.o(.text)
    BusFault_Handler                         0x00000383   Thumb Code     2  startup_msp432e401y_uvision.o(.text)
    UsageFault_Handler                       0x00000385   Thumb Code     2  startup_msp432e401y_uvision.o(.text)
    SVC_Handler                              0x00000387   Thumb Code     2  startup_msp432e401y_uvision.o(.text)
    DebugMon_Handler                         0x00000389   Thumb Code     2  startup_msp432e401y_uvision.o(.text)
    PendSV_Handler                           0x0000038b   Thumb Code     2  startup_msp432e401y_uvision.o(.text)
    SysTick_Handler                          0x0000038d   Thumb Code     2  startup_msp432e401y_uvision.o(.text)
    ADC0SS0_IRQHandler                       0x0000038f   Thumb Code     0  startup_msp432e401y_uvision.o(.text)
    ADC0SS1_IRQHandler                       0x0000038f   Thumb Code     0  startup_msp432e401y_uvision.o(.text)
    ADC0SS2_IRQHandler                       0x0000038f   Thumb Code     0  startup_msp432e401y_uvision.o(.text)
    ADC0SS3_IRQHandler                       0x0000038f   Thumb Code     0  startup_msp432e401y_uvision.o(.text)
    ADC1SS0_IRQHandler                       0x0000038f   Thumb Code     0  startup_msp432e401y_uvision.o(.text)
    ADC1SS1_IRQHandler                       0x0000038f   Thumb Code     0  startup_msp432e401y_uvision.o(.text)
    ADC1SS2_IRQHandler                       0x0000038f   Thumb Code     0  startup_msp432e401y_uvision.o(.text)
    ADC1SS3_IRQHandler                       0x0000038f   Thumb Code     0  startup_msp432e401y_uvision.o(.text)
    AES0_IRQHandler                          0x0000038f   Thumb Code     0  startup_msp432e401y_uvision.o(.text)
    CAN0_IRQHandler                          0x0000038f   Thumb Code     0  startup_msp432e401y_uvision.o(.text)
    CAN1_IRQHandler                          0x0000038f   Thumb Code     0  startup_msp432e401y_uvision.o(.text)
    COMP0_IRQHandler                         0x0000038f   Thumb Code     0  startup_msp432e401y_uvision.o(.text)
    COMP1_IRQHandler                         0x0000038f   Thumb Code     0  startup_msp432e401y_uvision.o(.text)
    COMP2_IRQHandler                         0x0000038f   Thumb Code     0  startup_msp432e401y_uvision.o(.text)
    DES0_IRQHandler                          0x0000038f   Thumb Code     0  startup_msp432e401y_uvision.o(.text)
    EMAC0_IRQHandler                         0x0000038f   Thumb Code     0  startup_msp432e401y_uvision.o(.text)
    EPI0_IRQHandler                          0x0000038f   Thumb Code     0  startup_msp432e401y_uvision.o(.text)
    FLASH_IRQHandler                         0x0000038f   Thumb Code     0  startup_msp432e401y_uvision.o(.text)
    GPIOA_IRQHandler                         0x0000038f   Thumb Code     0  startup_msp432e401y_uvision.o(.text)
    GPIOB_IRQHandler                         0x0000038f   Thumb Code     0  startup_msp432e401y_uvision.o(.text)
    GPIOC_IRQHandler                         0x0000038f   Thumb Code     0  startup_msp432e401y_uvision.o(.text)
    GPIOD_IRQHandler                         0x0000038f   Thumb Code     0  startup_msp432e401y_uvision.o(.text)
    GPIOE_IRQHandler                         0x0000038f   Thumb Code     0  startup_msp432e401y_uvision.o(.text)
    GPIOF_IRQHandler                         0x0000038f   Thumb Code     0  startup_msp432e401y_uvision.o(.text)
    GPIOG_IRQHandler                         0x0000038f   Thumb Code     0  startup_msp432e401y_uvision.o(.text)
    GPIOH_IRQHandler                         0x0000038f   Thumb Code     0  startup_msp432e401y_uvision.o(.text)
    GPIOJ_IRQHandler                         0x0000038f   Thumb Code     0  startup_msp432e401y_uvision.o(.text)
    GPIOK_IRQHandler                         0x0000038f   Thumb Code     0  startup_msp432e401y_uvision.o(.text)
    GPIOL_IRQHandler                         0x0000038f   Thumb Code     0  startup_msp432e401y_uvision.o(.text)
    GPIOM_IRQHandler                         0x0000038f   Thumb Code     0  startup_msp432e401y_uvision.o(.text)
    GPION_IRQHandler                         0x0000038f   Thumb Code     0  startup_msp432e401y_uvision.o(.text)
    GPIOP0_IRQHandler                        0x0000038f   Thumb Code     0  startup_msp432e401y_uvision.o(.text)
    GPIOP1_IRQHandler                        0x0000038f   Thumb Code     0  startup_msp432e401y_uvision.o(.text)
    GPIOP2_IRQHandler                        0x0000038f   Thumb Code     0  startup_msp432e401y_uvision.o(.text)
    GPIOP3_IRQHandler                        0x0000038f   Thumb Code     0  startup_msp432e401y_uvision.o(.text)
    GPIOP4_IRQHandler                        0x0000038f   Thumb Code     0  startup_msp432e401y_uvision.o(.text)
    GPIOP5_IRQHandler                        0x0000038f   Thumb Code     0  startup_msp432e401y_uvision.o(.text)
    GPIOP6_IRQHandler                        0x0000038f   Thumb Code     0  startup_msp432e401y_uvision.o(.text)
    GPIOP7_IRQHandler                        0x0000038f   Thumb Code     0  startup_msp432e401y_uvision.o(.text)
    GPIOQ0_IRQHandler                        0x0000038f   Thumb Code     0  startup_msp432e401y_uvision.o(.text)
    GPIOQ1_IRQHandler                        0x0000038f   Thumb Code     0  startup_msp432e401y_uvision.o(.text)
    GPIOQ2_IRQHandler                        0x0000038f   Thumb Code     0  startup_msp432e401y_uvision.o(.text)
    GPIOQ3_IRQHandler                        0x0000038f   Thumb Code     0  startup_msp432e401y_uvision.o(.text)
    GPIOQ4_IRQHandler                        0x0000038f   Thumb Code     0  startup_msp432e401y_uvision.o(.text)
    GPIOQ5_IRQHandler                        0x0000038f   Thumb Code     0  startup_msp432e401y_uvision.o(.text)
    GPIOQ6_IRQHandler                        0x0000038f   Thumb Code     0  startup_msp432e401y_uvision.o(.text)
    GPIOQ7_IRQHandler                        0x0000038f   Thumb Code     0  startup_msp432e401y_uvision.o(.text)
    HIBERNATE_IRQHandler                     0x0000038f   Thumb Code     0  startup_msp432e401y_uvision.o(.text)
    I2C0_IRQHandler                          0x0000038f   Thumb Code     0  startup_msp432e401y_uvision.o(.text)
    I2C1_IRQHandler                          0x0000038f   Thumb Code     0  startup_msp432e401y_uvision.o(.text)
    I2C2_IRQHandler                          0x0000038f   Thumb Code     0  startup_msp432e401y_uvision.o(.text)
    I2C3_IRQHandler                          0x0000038f   Thumb Code     0  startup_msp432e401y_uvision.o(.text)
    I2C4_IRQHandler                          0x0000038f   Thumb Code     0  startup_msp432e401y_uvision.o(.text)
    I2C5_IRQHandler                          0x0000038f   Thumb Code     0  startup_msp432e401y_uvision.o(.text)
    I2C6_IRQHandler                          0x0000038f   Thumb Code     0  startup_msp432e401y_uvision.o(.text)
    I2C7_IRQHandler                          0x0000038f   Thumb Code     0  startup_msp432e401y_uvision.o(.text)
    I2C8_IRQHandler                          0x0000038f   Thumb Code     0  startup_msp432e401y_uvision.o(.text)
    I2C9_IRQHandler                          0x0000038f   Thumb Code     0  startup_msp432e401y_uvision.o(.text)
    PWM0_0_IRQHandler                        0x0000038f   Thumb Code     0  startup_msp432e401y_uvision.o(.text)
    PWM0_1_IRQHandler                        0x0000038f   Thumb Code     0  startup_msp432e401y_uvision.o(.text)
    PWM0_2_IRQHandler                        0x0000038f   Thumb Code     0  startup_msp432e401y_uvision.o(.text)
    PWM0_3_IRQHandler                        0x0000038f   Thumb Code     0  startup_msp432e401y_uvision.o(.text)
    PWM0_FAULT_IRQHandler                    0x0000038f   Thumb Code     0  startup_msp432e401y_uvision.o(.text)
    QEI0_IRQHandler                          0x0000038f   Thumb Code     0  startup_msp432e401y_uvision.o(.text)
    SHA0_IRQHandler                          0x0000038f   Thumb Code     0  startup_msp432e401y_uvision.o(.text)
    SSI0_IRQHandler                          0x0000038f   Thumb Code     0  startup_msp432e401y_uvision.o(.text)
    SSI1_IRQHandler                          0x0000038f   Thumb Code     0  startup_msp432e401y_uvision.o(.text)
    SSI2_IRQHandler                          0x0000038f   Thumb Code     0  startup_msp432e401y_uvision.o(.text)
    SSI3_IRQHandler                          0x0000038f   Thumb Code     0  startup_msp432e401y_uvision.o(.text)
    SYSCTL_IRQHandler                        0x0000038f   Thumb Code     0  startup_msp432e401y_uvision.o(.text)
    SYSEXC_IRQHandler                        0x0000038f   Thumb Code     0  startup_msp432e401y_uvision.o(.text)
    TAMPER0_IRQHandler                       0x0000038f   Thumb Code     0  startup_msp432e401y_uvision.o(.text)
    TIMER0A_IRQHandler                       0x0000038f   Thumb Code     0  startup_msp432e401y_uvision.o(.text)
    TIMER0B_IRQHandler                       0x0000038f   Thumb Code     0  startup_msp432e401y_uvision.o(.text)
    TIMER1A_IRQHandler                       0x0000038f   Thumb Code     0  startup_msp432e401y_uvision.o(.text)
    TIMER1B_IRQHandler                       0x0000038f   Thumb Code     0  startup_msp432e401y_uvision.o(.text)
    TIMER2A_IRQHandler                       0x0000038f   Thumb Code     0  startup_msp432e401y_uvision.o(.text)
    TIMER2B_IRQHandler                       0x0000038f   Thumb Code     0  startup_msp432e401y_uvision.o(.text)
    TIMER3A_IRQHandler                       0x0000038f   Thumb Code     0  startup_msp432e401y_uvision.o(.text)
    TIMER3B_IRQHandler                       0x0000038f   Thumb Code     0  startup_msp432e401y_uvision.o(.text)
    TIMER4A_IRQHandler                       0x0000038f   Thumb Code     0  startup_msp432e401y_uvision.o(.text)
    TIMER4B_IRQHandler                       0x0000038f   Thumb Code     0  startup_msp432e401y_uvision.o(.text)
    TIMER5A_IRQHandler                       0x0000038f   Thumb Code     0  startup_msp432e401y_uvision.o(.text)
    TIMER5B_IRQHandler                       0x0000038f   Thumb Code     0  startup_msp432e401y_uvision.o(.text)
    TIMER6A_IRQHandler                       0x0000038f   Thumb Code     0  startup_msp432e401y_uvision.o(.text)
    TIMER6B_IRQHandler                       0x0000038f   Thumb Code     0  startup_msp432e401y_uvision.o(.text)
    TIMER7A_IRQHandler                       0x0000038f   Thumb Code     0  startup_msp432e401y_uvision.o(.text)
    TIMER7B_IRQHandler                       0x0000038f   Thumb Code     0  startup_msp432e401y_uvision.o(.text)
    UART0_IRQHandler                         0x0000038f   Thumb Code     0  startup_msp432e401y_uvision.o(.text)
    UART1_IRQHandler                         0x0000038f   Thumb Code     0  startup_msp432e401y_uvision.o(.text)
    UART2_IRQHandler                         0x0000038f   Thumb Code     0  startup_msp432e401y_uvision.o(.text)
    UART3_IRQHandler                         0x0000038f   Thumb Code     0  startup_msp432e401y_uvision.o(.text)
    UART4_IRQHandler                         0x0000038f   Thumb Code     0  startup_msp432e401y_uvision.o(.text)
    UART5_IRQHandler                         0x0000038f   Thumb Code     0  startup_msp432e401y_uvision.o(.text)
    UART6_IRQHandler                         0x0000038f   Thumb Code     0  startup_msp432e401y_uvision.o(.text)
    UART7_IRQHandler                         0x0000038f   Thumb Code     0  startup_msp432e401y_uvision.o(.text)
    UDMAERR_IRQHandler                       0x0000038f   Thumb Code     0  startup_msp432e401y_uvision.o(.text)
    UDMA_IRQHandler                          0x0000038f   Thumb Code     0  startup_msp432e401y_uvision.o(.text)
    USB0_IRQHandler                          0x0000038f   Thumb Code     0  startup_msp432e401y_uvision.o(.text)
    WATCHDOG_IRQHandler                      0x0000038f   Thumb Code     0  startup_msp432e401y_uvision.o(.text)
    __user_initial_stackheap                 0x00000391   Thumb Code    10  startup_msp432e401y_uvision.o(.text)
    sprintf                                  0x000003b1   Thumb Code    38  sprintf.o(.text)
    __use_two_region_memory                  0x000003dd   Thumb Code     2  heapauxi.o(.text)
    __rt_heap_escrow$2region                 0x000003df   Thumb Code     2  heapauxi.o(.text)
    __rt_heap_expand$2region                 0x000003e1   Thumb Code     2  heapauxi.o(.text)
    _printf_pre_padding                      0x000003e3   Thumb Code    44  _printf_pad.o(.text)
    _printf_post_padding                     0x0000040f   Thumb Code    34  _printf_pad.o(.text)
    _printf_truncate_signed                  0x00000431   Thumb Code    18  _printf_truncate.o(.text)
    _printf_truncate_unsigned                0x00000443   Thumb Code    18  _printf_truncate.o(.text)
    _printf_str                              0x00000455   Thumb Code    82  _printf_str.o(.text)
    _printf_int_dec                          0x000004a9   Thumb Code   104  _printf_dec.o(.text)
    _printf_charcount                        0x00000521   Thumb Code    40  _printf_charcount.o(.text)
    _printf_char_common                      0x00000553   Thumb Code    32  _printf_char_common.o(.text)
    _sputc                                   0x00000579   Thumb Code    10  _sputc.o(.text)
    _printf_wctomb                           0x00000585   Thumb Code   182  _printf_wctomb.o(.text)
    _printf_longlong_dec                     0x00000641   Thumb Code   108  _printf_longlong_dec.o(.text)
    _printf_longlong_oct                     0x000006bd   Thumb Code    68  _printf_oct_int_ll.o(.text)
    _printf_int_oct                          0x00000701   Thumb Code    24  _printf_oct_int_ll.o(.text)
    _printf_ll_oct                           0x00000719   Thumb Code    12  _printf_oct_int_ll.o(.text)
    _printf_longlong_hex                     0x0000072d   Thumb Code    86  _printf_hex_int_ll_ptr.o(.text)
    _printf_int_hex                          0x00000783   Thumb Code    28  _printf_hex_int_ll_ptr.o(.text)
    _printf_ll_hex                           0x0000079f   Thumb Code    12  _printf_hex_int_ll_ptr.o(.text)
    _printf_hex_ptr                          0x000007ab   Thumb Code    18  _printf_hex_int_ll_ptr.o(.text)
    __printf                                 0x000007c1   Thumb Code   388  __printf_flags_ss_wp.o(.text)
    _ll_udiv10                               0x00000949   Thumb Code   138  lludiv10.o(.text)
    _printf_int_common                       0x000009d3   Thumb Code   178  _printf_intcommon.o(.text)
    _printf_fp_dec_real                      0x00000c35   Thumb Code   620  _printf_fp_dec.o(.text)
    _printf_fp_hex_real                      0x00000ea1   Thumb Code   756  _printf_fp_hex.o(.text)
    _printf_cs_common                        0x0000119d   Thumb Code    20  _printf_char.o(.text)
    _printf_char                             0x000011b1   Thumb Code    16  _printf_char.o(.text)
    _printf_string                           0x000011c1   Thumb Code     8  _printf_char.o(.text)
    _printf_lcs_common                       0x000011c9   Thumb Code    20  _printf_wchar.o(.text)
    _printf_wchar                            0x000011dd   Thumb Code    16  _printf_wchar.o(.text)
    _printf_wstring                          0x000011ed   Thumb Code     8  _printf_wchar.o(.text)
    _c16rtomb                                0x000011f5   Thumb Code    72  _c16rtomb.o(.text)
    _wcrtomb                                 0x000011f5   Thumb Code     0  _c16rtomb.o(.text)
    __user_setup_stackheap                   0x0000123d   Thumb Code    74  sys_stackheap_outer.o(.text)
    __rt_ctype_table                         0x00001289   Thumb Code    16  rt_ctype_table.o(.text)
    __rt_locale                              0x00001299   Thumb Code     8  rt_locale_intlibspace.o(.text)
    _printf_fp_infnan                        0x000012a1   Thumb Code   112  _printf_fp_infnan.o(.text)
    _btod_etento                             0x00001321   Thumb Code   224  bigflt0.o(.text)
    exit                                     0x00001405   Thumb Code    18  exit.o(.text)
    __user_libspace                          0x00001419   Thumb Code     8  libspace.o(.text)
    __user_perproc_libspace                  0x00001419   Thumb Code     0  libspace.o(.text)
    __user_perthread_libspace                0x00001419   Thumb Code     0  libspace.o(.text)
    strcmp                                   0x00001421   Thumb Code   124  strcmpv7em.o(.text)
    _sys_exit                                0x0000149d   Thumb Code     8  sys_exit.o(.text)
    __I$use$semihosting                      0x000014a9   Thumb Code     0  use_no_semi.o(.text)
    __use_no_semihosting_swi                 0x000014a9   Thumb Code     2  use_no_semi.o(.text)
    __semihosting_library_function           0x000014ab   Thumb Code     0  indicate_semi.o(.text)
    FlashAllLEDs                             0x000014ad   Thumb Code    78  onboardleds.o(.text.FlashAllLEDs)
    FlashI2CError                            0x000014fd   Thumb Code     8  onboardleds.o(.text.FlashI2CError)
    FlashI2CRx                               0x00001505   Thumb Code     2  onboardleds.o(.text.FlashI2CRx)
    FlashI2CTx                               0x00001509   Thumb Code     2  onboardleds.o(.text.FlashI2CTx)
    I2C_Init                                 0x0000150d   Thumb Code   142  hallway_scanner.o(.text.I2C_Init)
    PJ0_Pressed                              0x0000159d   Thumb Code    96  hallway_scanner.o(.text.PJ0_Pressed)
    PLL_Init                                 0x000015fd   Thumb Code   312  pll.o(.text.PLL_Init)
    PM0_Pressed                              0x00001735   Thumb Code    96  hallway_scanner.o(.text.PM0_Pressed)
    PM1_Pressed                              0x00001795   Thumb Code    96  hallway_scanner.o(.text.PM1_Pressed)
    PortF_Init                               0x000017f5   Thumb Code    72  hallway_scanner.o(.text.PortF_Init)
    PortG_Init                               0x0000183d   Thumb Code    72  hallway_scanner.o(.text.PortG_Init)
    PortH_Init                               0x00001885   Thumb Code    72  hallway_scanner.o(.text.PortH_Init)
    PortJ_Init                               0x000018cd   Thumb Code    88  hallway_scanner.o(.text.PortJ_Init)
    PortM_Init                               0x00001925   Thumb Code   112  hallway_scanner.o(.text.PortM_Init)
    PortN_Init                               0x00001995   Thumb Code    72  hallway_scanner.o(.text.PortN_Init)
    Status_Check                             0x000019dd   Thumb Code    76  uart.o(.text.Status_Check)
    Stepper_Step                             0x00001a29   Thumb Code   102  hallway_scanner.o(.text.Stepper_Step)
    Stepper_Unwind                           0x00001a91   Thumb Code   142  hallway_scanner.o(.text.Stepper_Unwind)
    SysTick_Init                             0x00001b21   Thumb Code    42  systick.o(.text.SysTick_Init)
    SysTick_Wait                             0x00001b4d   Thumb Code    54  systick.o(.text.SysTick_Wait)
    SysTick_Wait10ms                         0x00001b85   Thumb Code    48  systick.o(.text.SysTick_Wait10ms)
    SystemInit                               0x00001bb5   Thumb Code    36  system_msp432e401y.o(.text.SystemInit)
    UART_Init                                0x00001bd9   Thumb Code   234  uart.o(.text.UART_Init)
    UART_OutChar                             0x00001cc5   Thumb Code    46  uart.o(.text.UART_OutChar)
    UART_printf                              0x00001cf5   Thumb Code    44  uart.o(.text.UART_printf)
    UART_printf_with_LED                     0x00001d21   Thumb Code    44  hallway_scanner.o(.text.UART_printf_with_LED)
    VL53L1X_BootState                        0x00001d4d   Thumb Code    54  vl53l1x_api.o(.text.VL53L1X_BootState)
    VL53L1X_CheckForDataReady                0x00001d85   Thumb Code   102  vl53l1x_api.o(.text.VL53L1X_CheckForDataReady)
    VL53L1X_ClearInterrupt                   0x00001ded   Thumb Code    38  vl53l1x_api.o(.text.VL53L1X_ClearInterrupt)
    VL53L1X_GetDistance                      0x00001e15   Thumb Code    48  vl53l1x_api.o(.text.VL53L1X_GetDistance)
    VL53L1X_GetDistanceMode                  0x00001e45   Thumb Code    78  vl53l1x_api.o(.text.VL53L1X_GetDistanceMode)
    VL53L1X_GetInterruptPolarity             0x00001e95   Thumb Code    70  vl53l1x_api.o(.text.VL53L1X_GetInterruptPolarity)
    VL53L1X_GetSensorId                      0x00001edd   Thumb Code    54  vl53l1x_api.o(.text.VL53L1X_GetSensorId)
    VL53L1X_GetTimingBudgetInMs              0x00001f15   Thumb Code   248  vl53l1x_api.o(.text.VL53L1X_GetTimingBudgetInMs)
    VL53L1X_SensorInit                       0x0000200d   Thumb Code   284  vl53l1x_api.o(.text.VL53L1X_SensorInit)
    VL53L1X_SetDistanceMode                  0x00002129   Thumb Code   326  vl53l1x_api.o(.text.VL53L1X_SetDistanceMode)
    VL53L1X_SetTimingBudgetInMs              0x00002271   Thumb Code   586  vl53l1x_api.o(.text.VL53L1X_SetTimingBudgetInMs)
    VL53L1X_StartRanging                     0x000024bd   Thumb Code    38  vl53l1x_api.o(.text.VL53L1X_StartRanging)
    VL53L1X_StopRanging                      0x000024e5   Thumb Code    36  vl53l1x_api.o(.text.VL53L1X_StopRanging)
    VL53L1_RdByte                            0x00002509   Thumb Code    50  vl53l1_platform_2dx4.o(.text.VL53L1_RdByte)
    VL53L1_RdWord                            0x0000253d   Thumb Code    76  vl53l1_platform_2dx4.o(.text.VL53L1_RdWord)
    VL53L1_WrByte                            0x00002589   Thumb Code    48  vl53l1_platform_2dx4.o(.text.VL53L1_WrByte)
    VL53L1_WrWord                            0x000025b9   Thumb Code    74  vl53l1_platform_2dx4.o(.text.VL53L1_WrWord)
    beginRxI2C                               0x00002605   Thumb Code    36  vl53l1_platform_2dx4.o(.text.beginRxI2C)
    beginTxI2C                               0x00002629   Thumb Code    36  vl53l1_platform_2dx4.o(.text.beginTxI2C)
    main                                     0x0000264d   Thumb Code   540  hallway_scanner.o(.text.main)
    onboardLEDs_Init                         0x00002869   Thumb Code   212  onboardleds.o(.text.onboardLEDs_Init)
    readI2C                                  0x0000293d   Thumb Code   122  vl53l1_platform_2dx4.o(.text.readI2C)
    writeI2C                                 0x000029b9   Thumb Code   276  vl53l1_platform_2dx4.o(.text.writeI2C)
    writeRegisterIndex                       0x00002acd   Thumb Code   240  vl53l1_platform_2dx4.o(.text.writeRegisterIndex)
    writeRegisterIndex_nostop                0x00002bbd   Thumb Code   240  vl53l1_platform_2dx4.o(.text.writeRegisterIndex_nostop)
    _btod_d2e                                0x00002cad   Thumb Code    62  btod.o(CL$$btod_d2e)
    _d2e_denorm_low                          0x00002ceb   Thumb Code    70  btod.o(CL$$btod_d2e_denorm_low)
    _d2e_norm_op1                            0x00002d31   Thumb Code    96  btod.o(CL$$btod_d2e_norm_op1)
    __btod_div_common                        0x00002d91   Thumb Code   696  btod.o(CL$$btod_div_common)
    _e2e                                     0x000030c9   Thumb Code   220  btod.o(CL$$btod_e2e)
    _btod_ediv                               0x000031a5   Thumb Code    42  btod.o(CL$$btod_ediv)
    _btod_emul                               0x000031cf   Thumb Code    42  btod.o(CL$$btod_emul)
    __btod_mult_common                       0x000031f9   Thumb Code   580  btod.o(CL$$btod_mult_common)
    __ARM_fpclassify                         0x0000343d   Thumb Code    48  fpclassify.o(i.__ARM_fpclassify)
    _is_digit                                0x0000346d   Thumb Code    14  __printf_wp.o(i._is_digit)
    _get_lc_numeric                          0x0000347d   Thumb Code    44  lc_numeric_c.o(locale$$code)
    _get_lc_ctype                            0x000034a9   Thumb Code    44  lc_ctype_c.o(locale$$code)
    _fp_init                                 0x000034d5   Thumb Code    26  fpinit.o(x$fpl$fpinit)
    __fplib_config_fpu_vfp                   0x000034ed   Thumb Code     0  fpinit.o(x$fpl$fpinit)
    __fplib_config_pureend_doubles           0x000034ed   Thumb Code     0  fpinit.o(x$fpl$fpinit)
    _printf_fp_dec                           0x000034ef   Thumb Code     4  printf1.o(x$fpl$printf1)
    _printf_fp_hex                           0x000034f3   Thumb Code     4  printf2.o(x$fpl$printf2)
    __I$use$fp                               0x000034f6   Number         0  usenofp.o(x$fpl$usenofp)
    VL51L1X_DEFAULT_CONFIGURATION            0x000035f4   Data          91  vl53l1x_api.o(.rodata.VL51L1X_DEFAULT_CONFIGURATION)
    Region$$Table$$Base                      0x00003718   Number         0  anon$$obj.o(Region$$Table)
    Region$$Table$$Limit                     0x00003738   Number         0  anon$$obj.o(Region$$Table)
    __ctype                                  0x00003761   Data           0  lc_ctype_c.o(locale$$data)
    SystemCoreClock                          0x20000004   Data           4  system_msp432e401y.o(.data.SystemCoreClock)
    dev                                      0x20000008   Data           2  hallway_scanner.o(.data.dev)
    __libspace_start                         0x20000010   Data          96  libspace.o(.bss)
    __temporary_stack_top$libspace           0x20000070   Data           0  libspace.o(.bss)
    status                                   0x20000870   Data           4  hallway_scanner.o(.bss.status)



==============================================================================

Memory Map of the image

  Image Entry point : 0x00000375

  Load Region LR_1 (Base: 0x00000000, Size: 0x00003870, Max: 0xffffffff, ABSOLUTE)

    Execution Region ER_RO (Exec base: 0x00000000, Load base: 0x00000000, Size: 0x00003864, Max: 0xffffffff, ABSOLUTE)

    Exec Addr    Load Addr    Size         Type   Attr      Idx    E Section Name        Object

    0x00000000   0x00000000   0x000001fc   Data   RO          245    RESET               startup_msp432e401y_uvision.o
    0x000001fc   0x000001fc   0x00000008   Code   RO          270  * !!!main             c_w.l(__main.o)
    0x00000204   0x00000204   0x0000005c   Code   RO          631    !!!scatter          c_w.l(__scatter.o)
    0x00000260   0x00000260   0x0000001a   Code   RO          635    !!handler_copy      c_w.l(__scatter_copy.o)
    0x0000027a   0x0000027a   0x00000002   PAD
    0x0000027c   0x0000027c   0x00000002   Code   RO          632    !!handler_null      c_w.l(__scatter.o)
    0x0000027e   0x0000027e   0x00000002   PAD
    0x00000280   0x00000280   0x0000001c   Code   RO          637    !!handler_zi        c_w.l(__scatter_zi.o)
    0x0000029c   0x0000029c   0x00000000   Code   RO          374    .ARM.Collect$$_printf_percent$$00000000  c_w.l(_printf_percent.o)
    0x0000029c   0x0000029c   0x00000006   Code   RO          363    .ARM.Collect$$_printf_percent$$00000001  c_w.l(_printf_n.o)
    0x000002a2   0x000002a2   0x00000006   Code   RO          365    .ARM.Collect$$_printf_percent$$00000002  c_w.l(_printf_p.o)
    0x000002a8   0x000002a8   0x00000006   Code   RO          370    .ARM.Collect$$_printf_percent$$00000003  c_w.l(_printf_f.o)
    0x000002ae   0x000002ae   0x00000006   Code   RO          371    .ARM.Collect$$_printf_percent$$00000004  c_w.l(_printf_e.o)
    0x000002b4   0x000002b4   0x00000006   Code   RO          372    .ARM.Collect$$_printf_percent$$00000005  c_w.l(_printf_g.o)
    0x000002ba   0x000002ba   0x00000006   Code   RO          373    .ARM.Collect$$_printf_percent$$00000006  c_w.l(_printf_a.o)
    0x000002c0   0x000002c0   0x0000000a   Code   RO          378    .ARM.Collect$$_printf_percent$$00000007  c_w.l(_printf_ll.o)
    0x000002ca   0x000002ca   0x00000006   Code   RO          367    .ARM.Collect$$_printf_percent$$00000008  c_w.l(_printf_i.o)
    0x000002d0   0x000002d0   0x00000006   Code   RO          368    .ARM.Collect$$_printf_percent$$00000009  c_w.l(_printf_d.o)
    0x000002d6   0x000002d6   0x00000006   Code   RO          369    .ARM.Collect$$_printf_percent$$0000000A  c_w.l(_printf_u.o)
    0x000002dc   0x000002dc   0x00000006   Code   RO          366    .ARM.Collect$$_printf_percent$$0000000B  c_w.l(_printf_o.o)
    0x000002e2   0x000002e2   0x00000006   Code   RO          364    .ARM.Collect$$_printf_percent$$0000000C  c_w.l(_printf_x.o)
    0x000002e8   0x000002e8   0x00000006   Code   RO          375    .ARM.Collect$$_printf_percent$$0000000D  c_w.l(_printf_lli.o)
    0x000002ee   0x000002ee   0x00000006   Code   RO          376    .ARM.Collect$$_printf_percent$$0000000E  c_w.l(_printf_lld.o)
    0x000002f4   0x000002f4   0x00000006   Code   RO          377    .ARM.Collect$$_printf_percent$$0000000F  c_w.l(_printf_llu.o)
    0x000002fa   0x000002fa   0x00000006   Code   RO          382    .ARM.Collect$$_printf_percent$$00000010  c_w.l(_printf_llo.o)
    0x00000300   0x00000300   0x00000006   Code   RO          383    .ARM.Collect$$_printf_percent$$00000011  c_w.l(_printf_llx.o)
    0x00000306   0x00000306   0x0000000a   Code   RO          379    .ARM.Collect$$_printf_percent$$00000012  c_w.l(_printf_l.o)
    0x00000310   0x00000310   0x00000006   Code   RO          361    .ARM.Collect$$_printf_percent$$00000013  c_w.l(_printf_c.o)
    0x00000316   0x00000316   0x00000006   Code   RO          362    .ARM.Collect$$_printf_percent$$00000014  c_w.l(_printf_s.o)
    0x0000031c   0x0000031c   0x00000006   Code   RO          380    .ARM.Collect$$_printf_percent$$00000015  c_w.l(_printf_lc.o)
    0x00000322   0x00000322   0x00000006   Code   RO          381    .ARM.Collect$$_printf_percent$$00000016  c_w.l(_printf_ls.o)
    0x00000328   0x00000328   0x00000004   Code   RO          429    .ARM.Collect$$_printf_percent$$00000017  c_w.l(_printf_percent_end.o)
    0x0000032c   0x0000032c   0x00000002   Code   RO          480    .ARM.Collect$$libinit$$00000000  c_w.l(libinit.o)
    0x0000032e   0x0000032e   0x00000004   Code   RO          497    .ARM.Collect$$libinit$$00000001  c_w.l(libinit2.o)
    0x00000332   0x00000332   0x00000000   Code   RO          500    .ARM.Collect$$libinit$$00000004  c_w.l(libinit2.o)
    0x00000332   0x00000332   0x00000000   Code   RO          502    .ARM.Collect$$libinit$$00000006  c_w.l(libinit2.o)
    0x00000332   0x00000332   0x00000000   Code   RO          505    .ARM.Collect$$libinit$$0000000C  c_w.l(libinit2.o)
    0x00000332   0x00000332   0x00000000   Code   RO          507    .ARM.Collect$$libinit$$0000000E  c_w.l(libinit2.o)
    0x00000332   0x00000332   0x00000000   Code   RO          509    .ARM.Collect$$libinit$$00000010  c_w.l(libinit2.o)
    0x00000332   0x00000332   0x00000006   Code   RO          510    .ARM.Collect$$libinit$$00000011  c_w.l(libinit2.o)
    0x00000338   0x00000338   0x00000000   Code   RO          512    .ARM.Collect$$libinit$$00000013  c_w.l(libinit2.o)
    0x00000338   0x00000338   0x0000000c   Code   RO          513    .ARM.Collect$$libinit$$00000014  c_w.l(libinit2.o)
    0x00000344   0x00000344   0x00000000   Code   RO          514    .ARM.Collect$$libinit$$00000015  c_w.l(libinit2.o)
    0x00000344   0x00000344   0x00000000   Code   RO          516    .ARM.Collect$$libinit$$00000017  c_w.l(libinit2.o)
    0x00000344   0x00000344   0x0000000a   Code   RO          517    .ARM.Collect$$libinit$$00000018  c_w.l(libinit2.o)
    0x0000034e   0x0000034e   0x00000000   Code   RO          518    .ARM.Collect$$libinit$$00000019  c_w.l(libinit2.o)
    0x0000034e   0x0000034e   0x00000000   Code   RO          520    .ARM.Collect$$libinit$$0000001B  c_w.l(libinit2.o)
    0x0000034e   0x0000034e   0x00000000   Code   RO          522    .ARM.Collect$$libinit$$0000001D  c_w.l(libinit2.o)
    0x0000034e   0x0000034e   0x00000000   Code   RO          524    .ARM.Collect$$libinit$$0000001F  c_w.l(libinit2.o)
    0x0000034e   0x0000034e   0x00000000   Code   RO          526    .ARM.Collect$$libinit$$00000021  c_w.l(libinit2.o)
    0x0000034e   0x0000034e   0x00000000   Code   RO          528    .ARM.Collect$$libinit$$00000023  c_w.l(libinit2.o)
    0x0000034e   0x0000034e   0x00000000   Code   RO          530    .ARM.Collect$$libinit$$00000025  c_w.l(libinit2.o)
    0x0000034e   0x0000034e   0x00000000   Code   RO          532    .ARM.Collect$$libinit$$00000027  c_w.l(libinit2.o)
    0x0000034e   0x0000034e   0x00000000   Code   RO          536    .ARM.Collect$$libinit$$0000002E  c_w.l(libinit2.o)
    0x0000034e   0x0000034e   0x00000000   Code   RO          538    .ARM.Collect$$libinit$$00000030  c_w.l(libinit2.o)
    0x0000034e   0x0000034e   0x00000000   Code   RO          540    .ARM.Collect$$libinit$$00000032  c_w.l(libinit2.o)
    0x0000034e   0x0000034e   0x00000000   Code   RO          542    .ARM.Collect$$libinit$$00000034  c_w.l(libinit2.o)
    0x0000034e   0x0000034e   0x00000002   Code   RO          543    .ARM.Collect$$libinit$$00000035  c_w.l(libinit2.o)
    0x00000350   0x00000350   0x00000002   Code   RO          567    .ARM.Collect$$libshutdown$$00000000  c_w.l(libshutdown.o)
    0x00000352   0x00000352   0x00000000   Code   RO          582    .ARM.Collect$$libshutdown$$00000002  c_w.l(libshutdown2.o)
    0x00000352   0x00000352   0x00000000   Code   RO          584    .ARM.Collect$$libshutdown$$00000004  c_w.l(libshutdown2.o)
    0x00000352   0x00000352   0x00000000   Code   RO          587    .ARM.Collect$$libshutdown$$00000007  c_w.l(libshutdown2.o)
    0x00000352   0x00000352   0x00000000   Code   RO          590    .ARM.Collect$$libshutdown$$0000000A  c_w.l(libshutdown2.o)
    0x00000352   0x00000352   0x00000000   Code   RO          592    .ARM.Collect$$libshutdown$$0000000C  c_w.l(libshutdown2.o)
    0x00000352   0x00000352   0x00000000   Code   RO          595    .ARM.Collect$$libshutdown$$0000000F  c_w.l(libshutdown2.o)
    0x00000352   0x00000352   0x00000002   Code   RO          596    .ARM.Collect$$libshutdown$$00000010  c_w.l(libshutdown2.o)
    0x00000354   0x00000354   0x00000000   Code   RO          292    .ARM.Collect$$rtentry$$00000000  c_w.l(__rtentry.o)
    0x00000354   0x00000354   0x00000000   Code   RO          398    .ARM.Collect$$rtentry$$00000002  c_w.l(__rtentry2.o)
    0x00000354   0x00000354   0x00000006   Code   RO          410    .ARM.Collect$$rtentry$$00000004  c_w.l(__rtentry4.o)
    0x0000035a   0x0000035a   0x00000000   Code   RO          400    .ARM.Collect$$rtentry$$00000009  c_w.l(__rtentry2.o)
    0x0000035a   0x0000035a   0x00000004   Code   RO          401    .ARM.Collect$$rtentry$$0000000A  c_w.l(__rtentry2.o)
    0x0000035e   0x0000035e   0x00000000   Code   RO          403    .ARM.Collect$$rtentry$$0000000C  c_w.l(__rtentry2.o)
    0x0000035e   0x0000035e   0x00000008   Code   RO          404    .ARM.Collect$$rtentry$$0000000D  c_w.l(__rtentry2.o)
    0x00000366   0x00000366   0x00000002   Code   RO          488    .ARM.Collect$$rtexit$$00000000  c_w.l(rtexit.o)
    0x00000368   0x00000368   0x00000000   Code   RO          545    .ARM.Collect$$rtexit$$00000002  c_w.l(rtexit2.o)
    0x00000368   0x00000368   0x00000004   Code   RO          546    .ARM.Collect$$rtexit$$00000003  c_w.l(rtexit2.o)
    0x0000036c   0x0000036c   0x00000006   Code   RO          547    .ARM.Collect$$rtexit$$00000004  c_w.l(rtexit2.o)
    0x00000372   0x00000372   0x00000002   PAD
    0x00000374   0x00000374   0x0000003c   Code   RO          246  * .text               startup_msp432e401y_uvision.o
    0x000003b0   0x000003b0   0x0000002c   Code   RO          266    .text               c_w.l(sprintf.o)
    0x000003dc   0x000003dc   0x00000006   Code   RO          268    .text               c_w.l(heapauxi.o)
    0x000003e2   0x000003e2   0x0000004e   Code   RO          295    .text               c_w.l(_printf_pad.o)
    0x00000430   0x00000430   0x00000024   Code   RO          297    .text               c_w.l(_printf_truncate.o)
    0x00000454   0x00000454   0x00000052   Code   RO          299    .text               c_w.l(_printf_str.o)
    0x000004a6   0x000004a6   0x00000002   PAD
    0x000004a8   0x000004a8   0x00000078   Code   RO          301    .text               c_w.l(_printf_dec.o)
    0x00000520   0x00000520   0x00000028   Code   RO          303    .text               c_w.l(_printf_charcount.o)
    0x00000548   0x00000548   0x00000030   Code   RO          305    .text               c_w.l(_printf_char_common.o)
    0x00000578   0x00000578   0x0000000a   Code   RO          307    .text               c_w.l(_sputc.o)
    0x00000582   0x00000582   0x00000002   PAD
    0x00000584   0x00000584   0x000000bc   Code   RO          309    .text               c_w.l(_printf_wctomb.o)
    0x00000640   0x00000640   0x0000007c   Code   RO          312    .text               c_w.l(_printf_longlong_dec.o)
    0x000006bc   0x000006bc   0x00000070   Code   RO          318    .text               c_w.l(_printf_oct_int_ll.o)
    0x0000072c   0x0000072c   0x00000094   Code   RO          338    .text               c_w.l(_printf_hex_int_ll_ptr.o)
    0x000007c0   0x000007c0   0x00000188   Code   RO          358    .text               c_w.l(__printf_flags_ss_wp.o)
    0x00000948   0x00000948   0x0000008a   Code   RO          412    .text               c_w.l(lludiv10.o)
    0x000009d2   0x000009d2   0x000000b2   Code   RO          414    .text               c_w.l(_printf_intcommon.o)
    0x00000a84   0x00000a84   0x0000041c   Code   RO          416    .text               c_w.l(_printf_fp_dec.o)
    0x00000ea0   0x00000ea0   0x000002fc   Code   RO          420    .text               c_w.l(_printf_fp_hex.o)
    0x0000119c   0x0000119c   0x0000002c   Code   RO          425    .text               c_w.l(_printf_char.o)
    0x000011c8   0x000011c8   0x0000002c   Code   RO          427    .text               c_w.l(_printf_wchar.o)
    0x000011f4   0x000011f4   0x00000048   Code   RO          430    .text               c_w.l(_c16rtomb.o)
    0x0000123c   0x0000123c   0x0000004a   Code   RO          432    .text               c_w.l(sys_stackheap_outer.o)
    0x00001286   0x00001286   0x00000002   PAD
    0x00001288   0x00001288   0x00000010   Code   RO          434    .text               c_w.l(rt_ctype_table.o)
    0x00001298   0x00001298   0x00000008   Code   RO          439    .text               c_w.l(rt_locale_intlibspace.o)
    0x000012a0   0x000012a0   0x00000080   Code   RO          441    .text               c_w.l(_printf_fp_infnan.o)
    0x00001320   0x00001320   0x000000e4   Code   RO          443    .text               c_w.l(bigflt0.o)
    0x00001404   0x00001404   0x00000012   Code   RO          473    .text               c_w.l(exit.o)
    0x00001416   0x00001416   0x00000002   PAD
    0x00001418   0x00001418   0x00000008   Code   RO          485    .text               c_w.l(libspace.o)
    0x00001420   0x00001420   0x0000007c   Code   RO          495    .text               c_w.l(strcmpv7em.o)
    0x0000149c   0x0000149c   0x0000000c   Code   RO          557    .text               c_w.l(sys_exit.o)
    0x000014a8   0x000014a8   0x00000002   Code   RO          572    .text               c_w.l(use_no_semi.o)
    0x000014aa   0x000014aa   0x00000000   Code   RO          574    .text               c_w.l(indicate_semi.o)
    0x000014aa   0x000014aa   0x00000002   PAD
    0x000014ac   0x000014ac   0x0000004e   Code   RO          163    .text.FlashAllLEDs  onboardleds.o
    0x000014fa   0x000014fa   0x00000002   PAD
    0x000014fc   0x000014fc   0x00000008   Code   RO          169    .text.FlashI2CError  onboardleds.o
    0x00001504   0x00001504   0x00000002   Code   RO          167    .text.FlashI2CRx    onboardleds.o
    0x00001506   0x00001506   0x00000002   PAD
    0x00001508   0x00001508   0x00000002   Code   RO          165    .text.FlashI2CTx    onboardleds.o
    0x0000150a   0x0000150a   0x00000002   PAD
    0x0000150c   0x0000150c   0x0000008e   Code   RO          199    .text.I2C_Init      hallway_scanner.o
    0x0000159a   0x0000159a   0x00000002   PAD
    0x0000159c   0x0000159c   0x00000060   Code   RO          225    .text.PJ0_Pressed   hallway_scanner.o
    0x000015fc   0x000015fc   0x00000138   Code   RO            2    .text.PLL_Init      pll.o
    0x00001734   0x00001734   0x00000060   Code   RO          221    .text.PM0_Pressed   hallway_scanner.o
    0x00001794   0x00001794   0x00000060   Code   RO          223    .text.PM1_Pressed   hallway_scanner.o
    0x000017f4   0x000017f4   0x00000048   Code   RO          205    .text.PortF_Init    hallway_scanner.o
    0x0000183c   0x0000183c   0x00000048   Code   RO          207    .text.PortG_Init    hallway_scanner.o
    0x00001884   0x00001884   0x00000048   Code   RO          209    .text.PortH_Init    hallway_scanner.o
    0x000018cc   0x000018cc   0x00000058   Code   RO          203    .text.PortJ_Init    hallway_scanner.o
    0x00001924   0x00001924   0x00000070   Code   RO          201    .text.PortM_Init    hallway_scanner.o
    0x00001994   0x00001994   0x00000048   Code   RO          211    .text.PortN_Init    hallway_scanner.o
    0x000019dc   0x000019dc   0x0000004c   Code   RO          188    .text.Status_Check  uart.o
    0x00001a28   0x00001a28   0x00000066   Code   RO          217    .text.Stepper_Step  hallway_scanner.o
    0x00001a8e   0x00001a8e   0x00000002   PAD
    0x00001a90   0x00001a90   0x0000008e   Code   RO          219    .text.Stepper_Unwind  hallway_scanner.o
    0x00001b1e   0x00001b1e   0x00000002   PAD
    0x00001b20   0x00001b20   0x0000002a   Code   RO           10    .text.SysTick_Init  systick.o
    0x00001b4a   0x00001b4a   0x00000002   PAD
    0x00001b4c   0x00001b4c   0x00000036   Code   RO           12    .text.SysTick_Wait  systick.o
    0x00001b82   0x00001b82   0x00000002   PAD
    0x00001b84   0x00001b84   0x00000030   Code   RO           14    .text.SysTick_Wait10ms  systick.o
    0x00001bb4   0x00001bb4   0x00000024   Code   RO          255    .text.SystemInit    system_msp432e401y.o
    0x00001bd8   0x00001bd8   0x000000ea   Code   RO          180    .text.UART_Init     uart.o
    0x00001cc2   0x00001cc2   0x00000002   PAD
    0x00001cc4   0x00001cc4   0x0000002e   Code   RO          184    .text.UART_OutChar  uart.o
    0x00001cf2   0x00001cf2   0x00000002   PAD
    0x00001cf4   0x00001cf4   0x0000002c   Code   RO          186    .text.UART_printf   uart.o
    0x00001d20   0x00001d20   0x0000002c   Code   RO          213    .text.UART_printf_with_LED  hallway_scanner.o
    0x00001d4c   0x00001d4c   0x00000036   Code   RO           91    .text.VL53L1X_BootState  vl53l1x_api.o
    0x00001d82   0x00001d82   0x00000002   PAD
    0x00001d84   0x00001d84   0x00000066   Code   RO           71    .text.VL53L1X_CheckForDataReady  vl53l1x_api.o
    0x00001dea   0x00001dea   0x00000002   PAD
    0x00001dec   0x00001dec   0x00000026   Code   RO           67    .text.VL53L1X_ClearInterrupt  vl53l1x_api.o
    0x00001e12   0x00001e12   0x00000002   PAD
    0x00001e14   0x00001e14   0x00000030   Code   RO           95    .text.VL53L1X_GetDistance  vl53l1x_api.o
    0x00001e44   0x00001e44   0x0000004e   Code   RO           81    .text.VL53L1X_GetDistanceMode  vl53l1x_api.o
    0x00001e92   0x00001e92   0x00000002   PAD
    0x00001e94   0x00001e94   0x00000046   Code   RO           77    .text.VL53L1X_GetInterruptPolarity  vl53l1x_api.o
    0x00001eda   0x00001eda   0x00000002   PAD
    0x00001edc   0x00001edc   0x00000036   Code   RO           93    .text.VL53L1X_GetSensorId  vl53l1x_api.o
    0x00001f12   0x00001f12   0x00000002   PAD
    0x00001f14   0x00001f14   0x000000f8   Code   RO           83    .text.VL53L1X_GetTimingBudgetInMs  vl53l1x_api.o
    0x0000200c   0x0000200c   0x0000011c   Code   RO           65    .text.VL53L1X_SensorInit  vl53l1x_api.o
    0x00002128   0x00002128   0x00000146   Code   RO           85    .text.VL53L1X_SetDistanceMode  vl53l1x_api.o
    0x0000226e   0x0000226e   0x00000002   PAD
    0x00002270   0x00002270   0x0000024a   Code   RO           79    .text.VL53L1X_SetTimingBudgetInMs  vl53l1x_api.o
    0x000024ba   0x000024ba   0x00000002   PAD
    0x000024bc   0x000024bc   0x00000026   Code   RO           69    .text.VL53L1X_StartRanging  vl53l1x_api.o
    0x000024e2   0x000024e2   0x00000002   PAD
    0x000024e4   0x000024e4   0x00000024   Code   RO           73    .text.VL53L1X_StopRanging  vl53l1x_api.o
    0x00002508   0x00002508   0x00000032   Code   RO           45    .text.VL53L1_RdByte  vl53l1_platform_2dx4.o
    0x0000253a   0x0000253a   0x00000002   PAD
    0x0000253c   0x0000253c   0x0000004c   Code   RO           47    .text.VL53L1_RdWord  vl53l1_platform_2dx4.o
    0x00002588   0x00002588   0x00000030   Code   RO           39    .text.VL53L1_WrByte  vl53l1_platform_2dx4.o
    0x000025b8   0x000025b8   0x0000004a   Code   RO           41    .text.VL53L1_WrWord  vl53l1_platform_2dx4.o
    0x00002602   0x00002602   0x00000002   PAD
    0x00002604   0x00002604   0x00000024   Code   RO           25    .text.beginRxI2C    vl53l1_platform_2dx4.o
    0x00002628   0x00002628   0x00000024   Code   RO           23    .text.beginTxI2C    vl53l1_platform_2dx4.o
    0x0000264c   0x0000264c   0x0000021c   Code   RO          227    .text.main          hallway_scanner.o
    0x00002868   0x00002868   0x000000d4   Code   RO          171    .text.onboardLEDs_Init  onboardleds.o
    0x0000293c   0x0000293c   0x0000007a   Code   RO           33    .text.readI2C       vl53l1_platform_2dx4.o
    0x000029b6   0x000029b6   0x00000002   PAD
    0x000029b8   0x000029b8   0x00000114   Code   RO           31    .text.writeI2C      vl53l1_platform_2dx4.o
    0x00002acc   0x00002acc   0x000000f0   Code   RO           27    .text.writeRegisterIndex  vl53l1_platform_2dx4.o
    0x00002bbc   0x00002bbc   0x000000f0   Code   RO           29    .text.writeRegisterIndex_nostop  vl53l1_platform_2dx4.o
    0x00002cac   0x00002cac   0x0000003e   Code   RO          446    CL$$btod_d2e        c_w.l(btod.o)
    0x00002cea   0x00002cea   0x00000046   Code   RO          448    CL$$btod_d2e_denorm_low  c_w.l(btod.o)
    0x00002d30   0x00002d30   0x00000060   Code   RO          447    CL$$btod_d2e_norm_op1  c_w.l(btod.o)
    0x00002d90   0x00002d90   0x00000338   Code   RO          456    CL$$btod_div_common  c_w.l(btod.o)
    0x000030c8   0x000030c8   0x000000dc   Code   RO          453    CL$$btod_e2e        c_w.l(btod.o)
    0x000031a4   0x000031a4   0x0000002a   Code   RO          450    CL$$btod_ediv       c_w.l(btod.o)
    0x000031ce   0x000031ce   0x0000002a   Code   RO          449    CL$$btod_emul       c_w.l(btod.o)
    0x000031f8   0x000031f8   0x00000244   Code   RO          455    CL$$btod_mult_common  c_w.l(btod.o)
    0x0000343c   0x0000343c   0x00000030   Code   RO          483    i.__ARM_fpclassify  m_wm.l(fpclassify.o)
    0x0000346c   0x0000346c   0x0000000e   Code   RO          351    i._is_digit         c_w.l(__printf_wp.o)
    0x0000347a   0x0000347a   0x00000002   PAD
    0x0000347c   0x0000347c   0x0000002c   Code   RO          471    locale$$code        c_w.l(lc_numeric_c.o)
    0x000034a8   0x000034a8   0x0000002c   Code   RO          493    locale$$code        c_w.l(lc_ctype_c.o)
    0x000034d4   0x000034d4   0x0000001a   Code   RO          555    x$fpl$fpinit        fz_wm.l(fpinit.o)
    0x000034ee   0x000034ee   0x00000004   Code   RO          388    x$fpl$printf1       fz_wm.l(printf1.o)
    0x000034f2   0x000034f2   0x00000004   Code   RO          390    x$fpl$printf2       fz_wm.l(printf2.o)
    0x000034f6   0x000034f6   0x00000000   Code   RO          396    x$fpl$usenofp       fz_wm.l(usenofp.o)
    0x000034f6   0x000034f6   0x00000002   PAD
    0x000034f8   0x000034f8   0x00000008   Data   RO          310    .constdata          c_w.l(_printf_wctomb.o)
    0x00003500   0x00003500   0x00000028   Data   RO          339    .constdata          c_w.l(_printf_hex_int_ll_ptr.o)
    0x00003528   0x00003528   0x00000011   Data   RO          359    .constdata          c_w.l(__printf_flags_ss_wp.o)
    0x00003539   0x00003539   0x00000026   Data   RO          421    .constdata          c_w.l(_printf_fp_hex.o)
    0x0000355f   0x0000355f   0x00000001   PAD
    0x00003560   0x00003560   0x00000094   Data   RO          444    .constdata          c_w.l(bigflt0.o)
    0x000035f4   0x000035f4   0x0000005b   Data   RO          145    .rodata.VL51L1X_DEFAULT_CONFIGURATION  vl53l1x_api.o
    0x0000364f   0x0000364f   0x00000033   Data   RO          146    .rodata.str1.1      vl53l1x_api.o
    0x00003682   0x00003682   0x00000023   Data   RO          191    .rodata.str1.1      uart.o
    0x000036a5   0x000036a5   0x00000073   Data   RO          234    .rodata.str1.1      hallway_scanner.o
    0x00003718   0x00003718   0x00000020   Data   RO          630    Region$$Table       anon$$obj.o
    0x00003738   0x00003738   0x0000001c   Data   RO          470    locale$$data        c_w.l(lc_numeric_c.o)
    0x00003754   0x00003754   0x00000110   Data   RO          492    locale$$data        c_w.l(lc_ctype_c.o)


    Execution Region ER_RW (Exec base: 0x20000000, Load base: 0x00003864, Size: 0x0000000c, Max: 0xffffffff, ABSOLUTE)

    Exec Addr    Load Addr    Size         Type   Attr      Idx    E Section Name        Object

    0x20000000   0x00003864   0x00000001   Data   RW          233    .data.PJ0_Pressed.last  hallway_scanner.o
    0x20000001   0x00003865   0x00000001   Data   RW          231    .data.PM0_Pressed.last  hallway_scanner.o
    0x20000002   0x00003866   0x00000001   Data   RW          232    .data.PM1_Pressed.last  hallway_scanner.o
    0x20000003   0x00003867   0x00000001   PAD
    0x20000004   0x00003868   0x00000004   Data   RW          257    .data.SystemCoreClock  system_msp432e401y.o
    0x20000008   0x0000386c   0x00000002   Data   RW          229    .data.dev           hallway_scanner.o


    Execution Region ER_ZI (Exec base: 0x20000010, Load base: 0x00003870, Size: 0x00000a68, Max: 0xffffffff, ABSOLUTE)

    Exec Addr    Load Addr    Size         Type   Attr      Idx    E Section Name        Object

    0x20000010        -       0x00000060   Zero   RW          486    .bss                c_w.l(libspace.o)
    0x20000070        -       0x000003ff   Zero   RW          190    .bss.printf_buffer  uart.o
    0x2000046f        -       0x000003ff   Zero   RW          235    .bss.printf_buffer  hallway_scanner.o
    0x2000086e   0x00003870   0x00000002   PAD
    0x20000870        -       0x00000004   Zero   RW          230    .bss.status         hallway_scanner.o
    0x20000874   0x00003870   0x00000004   PAD
    0x20000878        -       0x00000000   Zero   RW          244    HEAP                startup_msp432e401y_uvision.o
    0x20000878        -       0x00000200   Zero   RW          243    STACK               startup_msp432e401y_uvision.o


==============================================================================

Image component sizes


      Code (inc. data)   RO Data    RW Data    ZI Data      Debug   Object Name

      1746          8        115          5       1027       3589   hallway_scanner.o
       302          0          0          0          0       1555   onboardleds.o
       312          0          0          0          0        771   pll.o
        60         22        508          0        512        968   startup_msp432e401y_uvision.o
        36          0          0          4          0       7360   system_msp432e401y.o
       144          0          0          0          0        949   systick.o
       400          0         35          0       1023       1471   uart.o
      1198          0          0          0          0       4102   vl53l1_platform_2dx4.o
      1962          0        142          0          0      11356   vl53l1x_api.o

    ----------------------------------------------------------------------
      6204         30        832         12       2568      32121   Object Totals
         0          0         32          0          0          0   (incl. Generated)
        44          0          0          3          6          0   (incl. Padding)

    ----------------------------------------------------------------------

      Code (inc. data)   RO Data    RW Data    ZI Data      Debug   Library Member Name

         8          0          0          0          0         68   __main.o
       392          4         17          0          0         92   __printf_flags_ss_wp.o
        14          0          0          0          0         68   __printf_wp.o
         0          0          0          0          0          0   __rtentry.o
        12          0          0          0          0          0   __rtentry2.o
         6          0          0          0          0          0   __rtentry4.o
        94          8          0          0          0          0   __scatter.o
        26          0          0          0          0          0   __scatter_copy.o
        28          0          0          0          0          0   __scatter_zi.o
        72          0          0          0          0         96   _c16rtomb.o
         6          0          0          0          0          0   _printf_a.o
         6          0          0          0          0          0   _printf_c.o
        44          0          0          0          0        108   _printf_char.o
        48          6          0          0          0         96   _printf_char_common.o
        40          0          0          0          0         68   _printf_charcount.o
         6          0          0          0          0          0   _printf_d.o
       120         16          0          0          0         92   _printf_dec.o
         6          0          0          0          0          0   _printf_e.o
         6          0          0          0          0          0   _printf_f.o
      1052          0          0          0          0        148   _printf_fp_dec.o
       764          8         38          0          0        100   _printf_fp_hex.o
       128         16          0          0          0         84   _printf_fp_infnan.o
         6          0          0          0          0          0   _printf_g.o
       148          4         40          0          0        160   _printf_hex_int_ll_ptr.o
         6          0          0          0          0          0   _printf_i.o
       178          0          0          0          0         88   _printf_intcommon.o
        10          0          0          0          0          0   _printf_l.o
         6          0          0          0          0          0   _printf_lc.o
        10          0          0          0          0          0   _printf_ll.o
         6          0          0          0          0          0   _printf_lld.o
         6          0          0          0          0          0   _printf_lli.o
         6          0          0          0          0          0   _printf_llo.o
         6          0          0          0          0          0   _printf_llu.o
         6          0          0          0          0          0   _printf_llx.o
       124         16          0          0          0         92   _printf_longlong_dec.o
         6          0          0          0          0          0   _printf_ls.o
         6          0          0          0          0          0   _printf_n.o
         6          0          0          0          0          0   _printf_o.o
       112          8          0          0          0        124   _printf_oct_int_ll.o
         6          0          0          0          0          0   _printf_p.o
        78          0          0          0          0        108   _printf_pad.o
         0          0          0          0          0          0   _printf_percent.o
         4          0          0          0          0          0   _printf_percent_end.o
         6          0          0          0          0          0   _printf_s.o
        82          0          0          0          0         80   _printf_str.o
        36          0          0          0          0         84   _printf_truncate.o
         6          0          0          0          0          0   _printf_u.o
        44          0          0          0          0        108   _printf_wchar.o
       188          6          8          0          0         92   _printf_wctomb.o
         6          0          0          0          0          0   _printf_x.o
        10          0          0          0          0         68   _sputc.o
       228          4        148          0          0         96   bigflt0.o
      1936        128          0          0          0        668   btod.o
        18          0          0          0          0         80   exit.o
         6          0          0          0          0        152   heapauxi.o
         0          0          0          0          0          0   indicate_semi.o
        44         10        272          0          0         76   lc_ctype_c.o
        44         10         28          0          0         76   lc_numeric_c.o
         2          0          0          0          0          0   libinit.o
        34          0          0          0          0          0   libinit2.o
         2          0          0          0          0          0   libshutdown.o
         2          0          0          0          0          0   libshutdown2.o
         8          4          0          0         96         68   libspace.o
       138          0          0          0          0         80   lludiv10.o
        16          4          0          0          0         76   rt_ctype_table.o
         8          4          0          0          0         68   rt_locale_intlibspace.o
         2          0          0          0          0          0   rtexit.o
        10          0          0          0          0          0   rtexit2.o
        44          6          0          0          0         84   sprintf.o
       124          0          0          0          0         88   strcmpv7em.o
        12          4          0          0          0         68   sys_exit.o
        74          0          0          0          0         80   sys_stackheap_outer.o
         2          0          0          0          0         68   use_no_semi.o
        26          0          0          0          0        116   fpinit.o
         4          0          0          0          0        116   printf1.o
         4          0          0          0          0        116   printf2.o
         0          0          0          0          0          0   usenofp.o
        48          0          0          0          0        124   fpclassify.o

    ----------------------------------------------------------------------
      6848        266        552          0         96       4324   Library Totals
        20          0          1          0          0          0   (incl. Padding)

    ----------------------------------------------------------------------

      Code (inc. data)   RO Data    RW Data    ZI Data      Debug   Library Name

      6746        266        551          0         96       3852   c_w.l
        34          0          0          0          0        348   fz_wm.l
        48          0          0          0          0        124   m_wm.l

    ----------------------------------------------------------------------
      6848        266        552          0         96       4324   Library Totals

    ----------------------------------------------------------------------

==============================================================================


      Code (inc. data)   RO Data    RW Data    ZI Data      Debug   

     13052        296       1384         12       2664      34145   Grand Totals
     13052        296       1384         12       2664      34145   ELF Image Totals
     13052        296       1384         12          0          0   ROM Totals

==============================================================================

    Total RO  Size (Code + RO Data)                14436 (  14.10kB)
    Total RW  Size (RW Data + ZI Data)              2676 (   2.61kB)
    Total ROM Size (Code + RO Data + RW Data)      14448 (  14.11kB)

==============================================================================

